
AVRASM ver. 2.1.30  C:\Users\Sun\Desktop\TWI test\master\List\master.asm Fri Aug 15 11:12:58 2014

C:\Users\Sun\Desktop\TWI test\master\List\master.asm(1059): warning: Register r5 already defined by the .DEF directive
C:\Users\Sun\Desktop\TWI test\master\List\master.asm(1060): warning: Register r4 already defined by the .DEF directive
C:\Users\Sun\Desktop\TWI test\master\List\master.asm(1061): warning: Register r7 already defined by the .DEF directive
C:\Users\Sun\Desktop\TWI test\master\List\master.asm(1062): warning: Register r6 already defined by the .DEF directive
C:\Users\Sun\Desktop\TWI test\master\List\master.asm(1063): warning: Register r9 already defined by the .DEF directive
C:\Users\Sun\Desktop\TWI test\master\List\master.asm(1064): warning: Register r8 already defined by the .DEF directive
                 
                 
                 ;CodeVisionAVR C Compiler V2.05.0 Advanced
                 ;(C) Copyright 1998-2010 Pavel Haiduc, HP InfoTech s.r.l.
                 ;http://www.hpinfotech.com
                 
                 ;Chip type                : ATmega16
                 ;Program type             : Application
                 ;Clock frequency          : 8.000000 MHz
                 ;Memory model             : Small
                 ;Optimize for             : Size
                 ;(s)printf features       : int, width
                 ;(s)scanf features        : int, width
                 ;External RAM size        : 0
                 ;Data Stack size          : 256 byte(s)
                 ;Heap size                : 0 byte(s)
                 ;Promote 'char' to 'int'  : Yes
                 ;'char' is unsigned       : Yes
                 ;8 bit enums              : Yes
                 ;global 'const' stored in FLASH: No
                 ;Enhanced core instructions    : On
                 ;Smart register allocation     : On
                 ;Automatic register allocation : On
                 
                 	#pragma AVRPART ADMIN PART_NAME ATmega16
                 	#pragma AVRPART MEMORY PROG_FLASH 16384
                 	#pragma AVRPART MEMORY EEPROM 512
                 	#pragma AVRPART MEMORY INT_SRAM SIZE 1119
                 	#pragma AVRPART MEMORY INT_SRAM START_ADDR 0x60
                 
                 	#define CALL_SUPPORTED 1
                 
                 	.LISTMAC
                 	.EQU UDRE=0x5
                 	.EQU RXC=0x7
                 	.EQU USR=0xB
                 	.EQU UDR=0xC
                 	.EQU SPSR=0xE
                 	.EQU SPDR=0xF
                 	.EQU EERE=0x0
                 	.EQU EEWE=0x1
                 	.EQU EEMWE=0x2
                 	.EQU EECR=0x1C
                 	.EQU EEDR=0x1D
                 	.EQU EEARL=0x1E
                 	.EQU EEARH=0x1F
                 	.EQU WDTCR=0x21
                 	.EQU MCUCR=0x35
                 	.EQU GICR=0x3B
                 	.EQU SPL=0x3D
                 	.EQU SPH=0x3E
                 	.EQU SREG=0x3F
                 
                 	.DEF R0X0=R0
                 	.DEF R0X1=R1
                 	.DEF R0X2=R2
                 	.DEF R0X3=R3
                 	.DEF R0X4=R4
                 	.DEF R0X5=R5
                 	.DEF R0X6=R6
                 	.DEF R0X7=R7
                 	.DEF R0X8=R8
                 	.DEF R0X9=R9
                 	.DEF R0XA=R10
                 	.DEF R0XB=R11
                 	.DEF R0XC=R12
                 	.DEF R0XD=R13
                 	.DEF R0XE=R14
                 	.DEF R0XF=R15
                 	.DEF R0X10=R16
                 	.DEF R0X11=R17
                 	.DEF R0X12=R18
                 	.DEF R0X13=R19
                 	.DEF R0X14=R20
                 	.DEF R0X15=R21
                 	.DEF R0X16=R22
                 	.DEF R0X17=R23
                 	.DEF R0X18=R24
                 	.DEF R0X19=R25
                 	.DEF R0X1A=R26
                 	.DEF R0X1B=R27
                 	.DEF R0X1C=R28
                 	.DEF R0X1D=R29
                 	.DEF R0X1E=R30
                 	.DEF R0X1F=R31
                 
                 	.EQU __SRAM_START=0x0060
                 	.EQU __SRAM_END=0x045F
                 	.EQU __DSTACK_SIZE=0x0100
                 	.EQU __HEAP_SIZE=0x0000
                 	.EQU __CLEAR_SRAM_SIZE=__SRAM_END-__SRAM_START+1
                 
                 	.MACRO __CPD1N
                 	CPI  R30,LOW(@0)
                 	LDI  R26,HIGH(@0)
                 	CPC  R31,R26
                 	LDI  R26,BYTE3(@0)
                 	CPC  R22,R26
                 	LDI  R26,BYTE4(@0)
                 	CPC  R23,R26
                 	.ENDM
                 
                 	.MACRO __CPD2N
                 	CPI  R26,LOW(@0)
                 	LDI  R30,HIGH(@0)
                 	CPC  R27,R30
                 	LDI  R30,BYTE3(@0)
                 	CPC  R24,R30
                 	LDI  R30,BYTE4(@0)
                 	CPC  R25,R30
                 	.ENDM
                 
                 	.MACRO __CPWRR
                 	CP   R@0,R@2
                 	CPC  R@1,R@3
                 	.ENDM
                 
                 	.MACRO __CPWRN
                 	CPI  R@0,LOW(@2)
                 	LDI  R30,HIGH(@2)
                 	CPC  R@1,R30
                 	.ENDM
                 
                 	.MACRO __ADDB1MN
                 	SUBI R30,LOW(-@0-(@1))
                 	.ENDM
                 
                 	.MACRO __ADDB2MN
                 	SUBI R26,LOW(-@0-(@1))
                 	.ENDM
                 
                 	.MACRO __ADDW1MN
                 	SUBI R30,LOW(-@0-(@1))
                 	SBCI R31,HIGH(-@0-(@1))
                 	.ENDM
                 
                 	.MACRO __ADDW2MN
                 	SUBI R26,LOW(-@0-(@1))
                 	SBCI R27,HIGH(-@0-(@1))
                 	.ENDM
                 
                 	.MACRO __ADDW1FN
                 	SUBI R30,LOW(-2*@0-(@1))
                 	SBCI R31,HIGH(-2*@0-(@1))
                 	.ENDM
                 
                 	.MACRO __ADDD1FN
                 	SUBI R30,LOW(-2*@0-(@1))
                 	SBCI R31,HIGH(-2*@0-(@1))
                 	SBCI R22,BYTE3(-2*@0-(@1))
                 	.ENDM
                 
                 	.MACRO __ADDD1N
                 	SUBI R30,LOW(-@0)
                 	SBCI R31,HIGH(-@0)
                 	SBCI R22,BYTE3(-@0)
                 	SBCI R23,BYTE4(-@0)
                 	.ENDM
                 
                 	.MACRO __ADDD2N
                 	SUBI R26,LOW(-@0)
                 	SBCI R27,HIGH(-@0)
                 	SBCI R24,BYTE3(-@0)
                 	SBCI R25,BYTE4(-@0)
                 	.ENDM
                 
                 	.MACRO __SUBD1N
                 	SUBI R30,LOW(@0)
                 	SBCI R31,HIGH(@0)
                 	SBCI R22,BYTE3(@0)
                 	SBCI R23,BYTE4(@0)
                 	.ENDM
                 
                 	.MACRO __SUBD2N
                 	SUBI R26,LOW(@0)
                 	SBCI R27,HIGH(@0)
                 	SBCI R24,BYTE3(@0)
                 	SBCI R25,BYTE4(@0)
                 	.ENDM
                 
                 	.MACRO __ANDBMNN
                 	LDS  R30,@0+(@1)
                 	ANDI R30,LOW(@2)
                 	STS  @0+(@1),R30
                 	.ENDM
                 
                 	.MACRO __ANDWMNN
                 	LDS  R30,@0+(@1)
                 	ANDI R30,LOW(@2)
                 	STS  @0+(@1),R30
                 	LDS  R30,@0+(@1)+1
                 	ANDI R30,HIGH(@2)
                 	STS  @0+(@1)+1,R30
                 	.ENDM
                 
                 	.MACRO __ANDD1N
                 	ANDI R30,LOW(@0)
                 	ANDI R31,HIGH(@0)
                 	ANDI R22,BYTE3(@0)
                 	ANDI R23,BYTE4(@0)
                 	.ENDM
                 
                 	.MACRO __ANDD2N
                 	ANDI R26,LOW(@0)
                 	ANDI R27,HIGH(@0)
                 	ANDI R24,BYTE3(@0)
                 	ANDI R25,BYTE4(@0)
                 	.ENDM
                 
                 	.MACRO __ORBMNN
                 	LDS  R30,@0+(@1)
                 	ORI  R30,LOW(@2)
                 	STS  @0+(@1),R30
                 	.ENDM
                 
                 	.MACRO __ORWMNN
                 	LDS  R30,@0+(@1)
                 	ORI  R30,LOW(@2)
                 	STS  @0+(@1),R30
                 	LDS  R30,@0+(@1)+1
                 	ORI  R30,HIGH(@2)
                 	STS  @0+(@1)+1,R30
                 	.ENDM
                 
                 	.MACRO __ORD1N
                 	ORI  R30,LOW(@0)
                 	ORI  R31,HIGH(@0)
                 	ORI  R22,BYTE3(@0)
                 	ORI  R23,BYTE4(@0)
                 	.ENDM
                 
                 	.MACRO __ORD2N
                 	ORI  R26,LOW(@0)
                 	ORI  R27,HIGH(@0)
                 	ORI  R24,BYTE3(@0)
                 	ORI  R25,BYTE4(@0)
                 	.ENDM
                 
                 	.MACRO __DELAY_USB
                 	LDI  R24,LOW(@0)
                 __DELAY_USB_LOOP:
                 	DEC  R24
                 	BRNE __DELAY_USB_LOOP
                 	.ENDM
                 
                 	.MACRO __DELAY_USW
                 	LDI  R24,LOW(@0)
                 	LDI  R25,HIGH(@0)
                 __DELAY_USW_LOOP:
                 	SBIW R24,1
                 	BRNE __DELAY_USW_LOOP
                 	.ENDM
                 
                 	.MACRO __GETD1S
                 	LDD  R30,Y+@0
                 	LDD  R31,Y+@0+1
                 	LDD  R22,Y+@0+2
                 	LDD  R23,Y+@0+3
                 	.ENDM
                 
                 	.MACRO __GETD2S
                 	LDD  R26,Y+@0
                 	LDD  R27,Y+@0+1
                 	LDD  R24,Y+@0+2
                 	LDD  R25,Y+@0+3
                 	.ENDM
                 
                 	.MACRO __PUTD1S
                 	STD  Y+@0,R30
                 	STD  Y+@0+1,R31
                 	STD  Y+@0+2,R22
                 	STD  Y+@0+3,R23
                 	.ENDM
                 
                 	.MACRO __PUTD2S
                 	STD  Y+@0,R26
                 	STD  Y+@0+1,R27
                 	STD  Y+@0+2,R24
                 	STD  Y+@0+3,R25
                 	.ENDM
                 
                 	.MACRO __PUTDZ2
                 	STD  Z+@0,R26
                 	STD  Z+@0+1,R27
                 	STD  Z+@0+2,R24
                 	STD  Z+@0+3,R25
                 	.ENDM
                 
                 	.MACRO __CLRD1S
                 	STD  Y+@0,R30
                 	STD  Y+@0+1,R30
                 	STD  Y+@0+2,R30
                 	STD  Y+@0+3,R30
                 	.ENDM
                 
                 	.MACRO __POINTB1MN
                 	LDI  R30,LOW(@0+(@1))
                 	.ENDM
                 
                 	.MACRO __POINTW1MN
                 	LDI  R30,LOW(@0+(@1))
                 	LDI  R31,HIGH(@0+(@1))
                 	.ENDM
                 
                 	.MACRO __POINTD1M
                 	LDI  R30,LOW(@0)
                 	LDI  R31,HIGH(@0)
                 	LDI  R22,BYTE3(@0)
                 	LDI  R23,BYTE4(@0)
                 	.ENDM
                 
                 	.MACRO __POINTW1FN
                 	LDI  R30,LOW(2*@0+(@1))
                 	LDI  R31,HIGH(2*@0+(@1))
                 	.ENDM
                 
                 	.MACRO __POINTD1FN
                 	LDI  R30,LOW(2*@0+(@1))
                 	LDI  R31,HIGH(2*@0+(@1))
                 	LDI  R22,BYTE3(2*@0+(@1))
                 	LDI  R23,BYTE4(2*@0+(@1))
                 	.ENDM
                 
                 	.MACRO __POINTB2MN
                 	LDI  R26,LOW(@0+(@1))
                 	.ENDM
                 
                 	.MACRO __POINTW2MN
                 	LDI  R26,LOW(@0+(@1))
                 	LDI  R27,HIGH(@0+(@1))
                 	.ENDM
                 
                 	.MACRO __POINTBRM
                 	LDI  R@0,LOW(@1)
                 	.ENDM
                 
                 	.MACRO __POINTWRM
                 	LDI  R@0,LOW(@2)
                 	LDI  R@1,HIGH(@2)
                 	.ENDM
                 
                 	.MACRO __POINTBRMN
                 	LDI  R@0,LOW(@1+(@2))
                 	.ENDM
                 
                 	.MACRO __POINTWRMN
                 	LDI  R@0,LOW(@2+(@3))
                 	LDI  R@1,HIGH(@2+(@3))
                 	.ENDM
                 
                 	.MACRO __POINTWRFN
                 	LDI  R@0,LOW(@2*2+(@3))
                 	LDI  R@1,HIGH(@2*2+(@3))
                 	.ENDM
                 
                 	.MACRO __GETD1N
                 	LDI  R30,LOW(@0)
                 	LDI  R31,HIGH(@0)
                 	LDI  R22,BYTE3(@0)
                 	LDI  R23,BYTE4(@0)
                 	.ENDM
                 
                 	.MACRO __GETD2N
                 	LDI  R26,LOW(@0)
                 	LDI  R27,HIGH(@0)
                 	LDI  R24,BYTE3(@0)
                 	LDI  R25,BYTE4(@0)
                 	.ENDM
                 
                 	.MACRO __GETB1MN
                 	LDS  R30,@0+(@1)
                 	.ENDM
                 
                 	.MACRO __GETB1HMN
                 	LDS  R31,@0+(@1)
                 	.ENDM
                 
                 	.MACRO __GETW1MN
                 	LDS  R30,@0+(@1)
                 	LDS  R31,@0+(@1)+1
                 	.ENDM
                 
                 	.MACRO __GETD1MN
                 	LDS  R30,@0+(@1)
                 	LDS  R31,@0+(@1)+1
                 	LDS  R22,@0+(@1)+2
                 	LDS  R23,@0+(@1)+3
                 	.ENDM
                 
                 	.MACRO __GETBRMN
                 	LDS  R@0,@1+(@2)
                 	.ENDM
                 
                 	.MACRO __GETWRMN
                 	LDS  R@0,@2+(@3)
                 	LDS  R@1,@2+(@3)+1
                 	.ENDM
                 
                 	.MACRO __GETWRZ
                 	LDD  R@0,Z+@2
                 	LDD  R@1,Z+@2+1
                 	.ENDM
                 
                 	.MACRO __GETD2Z
                 	LDD  R26,Z+@0
                 	LDD  R27,Z+@0+1
                 	LDD  R24,Z+@0+2
                 	LDD  R25,Z+@0+3
                 	.ENDM
                 
                 	.MACRO __GETB2MN
                 	LDS  R26,@0+(@1)
                 	.ENDM
                 
                 	.MACRO __GETW2MN
                 	LDS  R26,@0+(@1)
                 	LDS  R27,@0+(@1)+1
                 	.ENDM
                 
                 	.MACRO __GETD2MN
                 	LDS  R26,@0+(@1)
                 	LDS  R27,@0+(@1)+1
                 	LDS  R24,@0+(@1)+2
                 	LDS  R25,@0+(@1)+3
                 	.ENDM
                 
                 	.MACRO __PUTB1MN
                 	STS  @0+(@1),R30
                 	.ENDM
                 
                 	.MACRO __PUTW1MN
                 	STS  @0+(@1),R30
                 	STS  @0+(@1)+1,R31
                 	.ENDM
                 
                 	.MACRO __PUTD1MN
                 	STS  @0+(@1),R30
                 	STS  @0+(@1)+1,R31
                 	STS  @0+(@1)+2,R22
                 	STS  @0+(@1)+3,R23
                 	.ENDM
                 
                 	.MACRO __PUTB1EN
                 	LDI  R26,LOW(@0+(@1))
                 	LDI  R27,HIGH(@0+(@1))
                 	CALL __EEPROMWRB
                 	.ENDM
                 
                 	.MACRO __PUTW1EN
                 	LDI  R26,LOW(@0+(@1))
                 	LDI  R27,HIGH(@0+(@1))
                 	CALL __EEPROMWRW
                 	.ENDM
                 
                 	.MACRO __PUTD1EN
                 	LDI  R26,LOW(@0+(@1))
                 	LDI  R27,HIGH(@0+(@1))
                 	CALL __EEPROMWRD
                 	.ENDM
                 
                 	.MACRO __PUTBR0MN
                 	STS  @0+(@1),R0
                 	.ENDM
                 
                 	.MACRO __PUTBMRN
                 	STS  @0+(@1),R@2
                 	.ENDM
                 
                 	.MACRO __PUTWMRN
                 	STS  @0+(@1),R@2
                 	STS  @0+(@1)+1,R@3
                 	.ENDM
                 
                 	.MACRO __PUTBZR
                 	STD  Z+@1,R@0
                 	.ENDM
                 
                 	.MACRO __PUTWZR
                 	STD  Z+@2,R@0
                 	STD  Z+@2+1,R@1
                 	.ENDM
                 
                 	.MACRO __GETW1R
                 	MOV  R30,R@0
                 	MOV  R31,R@1
                 	.ENDM
                 
                 	.MACRO __GETW2R
                 	MOV  R26,R@0
                 	MOV  R27,R@1
                 	.ENDM
                 
                 	.MACRO __GETWRN
                 	LDI  R@0,LOW(@2)
                 	LDI  R@1,HIGH(@2)
                 	.ENDM
                 
                 	.MACRO __PUTW1R
                 	MOV  R@0,R30
                 	MOV  R@1,R31
                 	.ENDM
                 
                 	.MACRO __PUTW2R
                 	MOV  R@0,R26
                 	MOV  R@1,R27
                 	.ENDM
                 
                 	.MACRO __ADDWRN
                 	SUBI R@0,LOW(-@2)
                 	SBCI R@1,HIGH(-@2)
                 	.ENDM
                 
                 	.MACRO __ADDWRR
                 	ADD  R@0,R@2
                 	ADC  R@1,R@3
                 	.ENDM
                 
                 	.MACRO __SUBWRN
                 	SUBI R@0,LOW(@2)
                 	SBCI R@1,HIGH(@2)
                 	.ENDM
                 
                 	.MACRO __SUBWRR
                 	SUB  R@0,R@2
                 	SBC  R@1,R@3
                 	.ENDM
                 
                 	.MACRO __ANDWRN
                 	ANDI R@0,LOW(@2)
                 	ANDI R@1,HIGH(@2)
                 	.ENDM
                 
                 	.MACRO __ANDWRR
                 	AND  R@0,R@2
                 	AND  R@1,R@3
                 	.ENDM
                 
                 	.MACRO __ORWRN
                 	ORI  R@0,LOW(@2)
                 	ORI  R@1,HIGH(@2)
                 	.ENDM
                 
                 	.MACRO __ORWRR
                 	OR   R@0,R@2
                 	OR   R@1,R@3
                 	.ENDM
                 
                 	.MACRO __EORWRR
                 	EOR  R@0,R@2
                 	EOR  R@1,R@3
                 	.ENDM
                 
                 	.MACRO __GETWRS
                 	LDD  R@0,Y+@2
                 	LDD  R@1,Y+@2+1
                 	.ENDM
                 
                 	.MACRO __PUTBSR
                 	STD  Y+@1,R@0
                 	.ENDM
                 
                 	.MACRO __PUTWSR
                 	STD  Y+@2,R@0
                 	STD  Y+@2+1,R@1
                 	.ENDM
                 
                 	.MACRO __MOVEWRR
                 	MOV  R@0,R@2
                 	MOV  R@1,R@3
                 	.ENDM
                 
                 	.MACRO __INWR
                 	IN   R@0,@2
                 	IN   R@1,@2+1
                 	.ENDM
                 
                 	.MACRO __OUTWR
                 	OUT  @2+1,R@1
                 	OUT  @2,R@0
                 	.ENDM
                 
                 	.MACRO __CALL1MN
                 	LDS  R30,@0+(@1)
                 	LDS  R31,@0+(@1)+1
                 	ICALL
                 	.ENDM
                 
                 	.MACRO __CALL1FN
                 	LDI  R30,LOW(2*@0+(@1))
                 	LDI  R31,HIGH(2*@0+(@1))
                 	CALL __GETW1PF
                 	ICALL
                 	.ENDM
                 
                 	.MACRO __CALL2EN
                 	LDI  R26,LOW(@0+(@1))
                 	LDI  R27,HIGH(@0+(@1))
                 	CALL __EEPROMRDW
                 	ICALL
                 	.ENDM
                 
                 	.MACRO __GETW1STACK
                 	IN   R26,SPL
                 	IN   R27,SPH
                 	ADIW R26,@0+1
                 	LD   R30,X+
                 	LD   R31,X
                 	.ENDM
                 
                 	.MACRO __GETD1STACK
                 	IN   R26,SPL
                 	IN   R27,SPH
                 	ADIW R26,@0+1
                 	LD   R30,X+
                 	LD   R31,X+
                 	LD   R22,X
                 	.ENDM
                 
                 	.MACRO __NBST
                 	BST  R@0,@1
                 	IN   R30,SREG
                 	LDI  R31,0x40
                 	EOR  R30,R31
                 	OUT  SREG,R30
                 	.ENDM
                 
                 
                 	.MACRO __PUTB1SN
                 	LDD  R26,Y+@0
                 	LDD  R27,Y+@0+1
                 	SUBI R26,LOW(-@1)
                 	SBCI R27,HIGH(-@1)
                 	ST   X,R30
                 	.ENDM
                 
                 	.MACRO __PUTW1SN
                 	LDD  R26,Y+@0
                 	LDD  R27,Y+@0+1
                 	SUBI R26,LOW(-@1)
                 	SBCI R27,HIGH(-@1)
                 	ST   X+,R30
                 	ST   X,R31
                 	.ENDM
                 
                 	.MACRO __PUTD1SN
                 	LDD  R26,Y+@0
                 	LDD  R27,Y+@0+1
                 	SUBI R26,LOW(-@1)
                 	SBCI R27,HIGH(-@1)
                 	CALL __PUTDP1
                 	.ENDM
                 
                 	.MACRO __PUTB1SNS
                 	LDD  R26,Y+@0
                 	LDD  R27,Y+@0+1
                 	ADIW R26,@1
                 	ST   X,R30
                 	.ENDM
                 
                 	.MACRO __PUTW1SNS
                 	LDD  R26,Y+@0
                 	LDD  R27,Y+@0+1
                 	ADIW R26,@1
                 	ST   X+,R30
                 	ST   X,R31
                 	.ENDM
                 
                 	.MACRO __PUTD1SNS
                 	LDD  R26,Y+@0
                 	LDD  R27,Y+@0+1
                 	ADIW R26,@1
                 	CALL __PUTDP1
                 	.ENDM
                 
                 	.MACRO __PUTB1PMN
                 	LDS  R26,@0
                 	LDS  R27,@0+1
                 	SUBI R26,LOW(-@1)
                 	SBCI R27,HIGH(-@1)
                 	ST   X,R30
                 	.ENDM
                 
                 	.MACRO __PUTW1PMN
                 	LDS  R26,@0
                 	LDS  R27,@0+1
                 	SUBI R26,LOW(-@1)
                 	SBCI R27,HIGH(-@1)
                 	ST   X+,R30
                 	ST   X,R31
                 	.ENDM
                 
                 	.MACRO __PUTD1PMN
                 	LDS  R26,@0
                 	LDS  R27,@0+1
                 	SUBI R26,LOW(-@1)
                 	SBCI R27,HIGH(-@1)
                 	CALL __PUTDP1
                 	.ENDM
                 
                 	.MACRO __PUTB1PMNS
                 	LDS  R26,@0
                 	LDS  R27,@0+1
                 	ADIW R26,@1
                 	ST   X,R30
                 	.ENDM
                 
                 	.MACRO __PUTW1PMNS
                 	LDS  R26,@0
                 	LDS  R27,@0+1
                 	ADIW R26,@1
                 	ST   X+,R30
                 	ST   X,R31
                 	.ENDM
                 
                 	.MACRO __PUTD1PMNS
                 	LDS  R26,@0
                 	LDS  R27,@0+1
                 	ADIW R26,@1
                 	CALL __PUTDP1
                 	.ENDM
                 
                 	.MACRO __PUTB1RN
                 	MOVW R26,R@0
                 	SUBI R26,LOW(-@1)
                 	SBCI R27,HIGH(-@1)
                 	ST   X,R30
                 	.ENDM
                 
                 	.MACRO __PUTW1RN
                 	MOVW R26,R@0
                 	SUBI R26,LOW(-@1)
                 	SBCI R27,HIGH(-@1)
                 	ST   X+,R30
                 	ST   X,R31
                 	.ENDM
                 
                 	.MACRO __PUTD1RN
                 	MOVW R26,R@0
                 	SUBI R26,LOW(-@1)
                 	SBCI R27,HIGH(-@1)
                 	CALL __PUTDP1
                 	.ENDM
                 
                 	.MACRO __PUTB1RNS
                 	MOVW R26,R@0
                 	ADIW R26,@1
                 	ST   X,R30
                 	.ENDM
                 
                 	.MACRO __PUTW1RNS
                 	MOVW R26,R@0
                 	ADIW R26,@1
                 	ST   X+,R30
                 	ST   X,R31
                 	.ENDM
                 
                 	.MACRO __PUTD1RNS
                 	MOVW R26,R@0
                 	ADIW R26,@1
                 	CALL __PUTDP1
                 	.ENDM
                 
                 	.MACRO __PUTB1RON
                 	MOV  R26,R@0
                 	MOV  R27,R@1
                 	SUBI R26,LOW(-@2)
                 	SBCI R27,HIGH(-@2)
                 	ST   X,R30
                 	.ENDM
                 
                 	.MACRO __PUTW1RON
                 	MOV  R26,R@0
                 	MOV  R27,R@1
                 	SUBI R26,LOW(-@2)
                 	SBCI R27,HIGH(-@2)
                 	ST   X+,R30
                 	ST   X,R31
                 	.ENDM
                 
                 	.MACRO __PUTD1RON
                 	MOV  R26,R@0
                 	MOV  R27,R@1
                 	SUBI R26,LOW(-@2)
                 	SBCI R27,HIGH(-@2)
                 	CALL __PUTDP1
                 	.ENDM
                 
                 	.MACRO __PUTB1RONS
                 	MOV  R26,R@0
                 	MOV  R27,R@1
                 	ADIW R26,@2
                 	ST   X,R30
                 	.ENDM
                 
                 	.MACRO __PUTW1RONS
                 	MOV  R26,R@0
                 	MOV  R27,R@1
                 	ADIW R26,@2
                 	ST   X+,R30
                 	ST   X,R31
                 	.ENDM
                 
                 	.MACRO __PUTD1RONS
                 	MOV  R26,R@0
                 	MOV  R27,R@1
                 	ADIW R26,@2
                 	CALL __PUTDP1
                 	.ENDM
                 
                 
                 	.MACRO __GETB1SX
                 	MOVW R30,R28
                 	SUBI R30,LOW(-@0)
                 	SBCI R31,HIGH(-@0)
                 	LD   R30,Z
                 	.ENDM
                 
                 	.MACRO __GETB1HSX
                 	MOVW R30,R28
                 	SUBI R30,LOW(-@0)
                 	SBCI R31,HIGH(-@0)
                 	LD   R31,Z
                 	.ENDM
                 
                 	.MACRO __GETW1SX
                 	MOVW R30,R28
                 	SUBI R30,LOW(-@0)
                 	SBCI R31,HIGH(-@0)
                 	LD   R0,Z+
                 	LD   R31,Z
                 	MOV  R30,R0
                 	.ENDM
                 
                 	.MACRO __GETD1SX
                 	MOVW R30,R28
                 	SUBI R30,LOW(-@0)
                 	SBCI R31,HIGH(-@0)
                 	LD   R0,Z+
                 	LD   R1,Z+
                 	LD   R22,Z+
                 	LD   R23,Z
                 	MOVW R30,R0
                 	.ENDM
                 
                 	.MACRO __GETB2SX
                 	MOVW R26,R28
                 	SUBI R26,LOW(-@0)
                 	SBCI R27,HIGH(-@0)
                 	LD   R26,X
                 	.ENDM
                 
                 	.MACRO __GETW2SX
                 	MOVW R26,R28
                 	SUBI R26,LOW(-@0)
                 	SBCI R27,HIGH(-@0)
                 	LD   R0,X+
                 	LD   R27,X
                 	MOV  R26,R0
                 	.ENDM
                 
                 	.MACRO __GETD2SX
                 	MOVW R26,R28
                 	SUBI R26,LOW(-@0)
                 	SBCI R27,HIGH(-@0)
                 	LD   R0,X+
                 	LD   R1,X+
                 	LD   R24,X+
                 	LD   R25,X
                 	MOVW R26,R0
                 	.ENDM
                 
                 	.MACRO __GETBRSX
                 	MOVW R30,R28
                 	SUBI R30,LOW(-@1)
                 	SBCI R31,HIGH(-@1)
                 	LD   R@0,Z
                 	.ENDM
                 
                 	.MACRO __GETWRSX
                 	MOVW R30,R28
                 	SUBI R30,LOW(-@2)
                 	SBCI R31,HIGH(-@2)
                 	LD   R@0,Z+
                 	LD   R@1,Z
                 	.ENDM
                 
                 	.MACRO __GETBRSX2
                 	MOVW R26,R28
                 	SUBI R26,LOW(-@1)
                 	SBCI R27,HIGH(-@1)
                 	LD   R@0,X
                 	.ENDM
                 
                 	.MACRO __GETWRSX2
                 	MOVW R26,R28
                 	SUBI R26,LOW(-@2)
                 	SBCI R27,HIGH(-@2)
                 	LD   R@0,X+
                 	LD   R@1,X
                 	.ENDM
                 
                 	.MACRO __LSLW8SX
                 	MOVW R30,R28
                 	SUBI R30,LOW(-@0)
                 	SBCI R31,HIGH(-@0)
                 	LD   R31,Z
                 	CLR  R30
                 	.ENDM
                 
                 	.MACRO __PUTB1SX
                 	MOVW R26,R28
                 	SUBI R26,LOW(-@0)
                 	SBCI R27,HIGH(-@0)
                 	ST   X,R30
                 	.ENDM
                 
                 	.MACRO __PUTW1SX
                 	MOVW R26,R28
                 	SUBI R26,LOW(-@0)
                 	SBCI R27,HIGH(-@0)
                 	ST   X+,R30
                 	ST   X,R31
                 	.ENDM
                 
                 	.MACRO __PUTD1SX
                 	MOVW R26,R28
                 	SUBI R26,LOW(-@0)
                 	SBCI R27,HIGH(-@0)
                 	ST   X+,R30
                 	ST   X+,R31
                 	ST   X+,R22
                 	ST   X,R23
                 	.ENDM
                 
                 	.MACRO __CLRW1SX
                 	MOVW R26,R28
                 	SUBI R26,LOW(-@0)
                 	SBCI R27,HIGH(-@0)
                 	ST   X+,R30
                 	ST   X,R30
                 	.ENDM
                 
                 	.MACRO __CLRD1SX
                 	MOVW R26,R28
                 	SUBI R26,LOW(-@0)
                 	SBCI R27,HIGH(-@0)
                 	ST   X+,R30
                 	ST   X+,R30
                 	ST   X+,R30
                 	ST   X,R30
                 	.ENDM
                 
                 	.MACRO __PUTB2SX
                 	MOVW R30,R28
                 	SUBI R30,LOW(-@0)
                 	SBCI R31,HIGH(-@0)
                 	ST   Z,R26
                 	.ENDM
                 
                 	.MACRO __PUTW2SX
                 	MOVW R30,R28
                 	SUBI R30,LOW(-@0)
                 	SBCI R31,HIGH(-@0)
                 	ST   Z+,R26
                 	ST   Z,R27
                 	.ENDM
                 
                 	.MACRO __PUTD2SX
                 	MOVW R30,R28
                 	SUBI R30,LOW(-@0)
                 	SBCI R31,HIGH(-@0)
                 	ST   Z+,R26
                 	ST   Z+,R27
                 	ST   Z+,R24
                 	ST   Z,R25
                 	.ENDM
                 
                 	.MACRO __PUTBSRX
                 	MOVW R30,R28
                 	SUBI R30,LOW(-@1)
                 	SBCI R31,HIGH(-@1)
                 	ST   Z,R@0
                 	.ENDM
                 
                 	.MACRO __PUTWSRX
                 	MOVW R30,R28
                 	SUBI R30,LOW(-@2)
                 	SBCI R31,HIGH(-@2)
                 	ST   Z+,R@0
                 	ST   Z,R@1
                 	.ENDM
                 
                 	.MACRO __PUTB1SNX
                 	MOVW R26,R28
                 	SUBI R26,LOW(-@0)
                 	SBCI R27,HIGH(-@0)
                 	LD   R0,X+
                 	LD   R27,X
                 	MOV  R26,R0
                 	SUBI R26,LOW(-@1)
                 	SBCI R27,HIGH(-@1)
                 	ST   X,R30
                 	.ENDM
                 
                 	.MACRO __PUTW1SNX
                 	MOVW R26,R28
                 	SUBI R26,LOW(-@0)
                 	SBCI R27,HIGH(-@0)
                 	LD   R0,X+
                 	LD   R27,X
                 	MOV  R26,R0
                 	SUBI R26,LOW(-@1)
                 	SBCI R27,HIGH(-@1)
                 	ST   X+,R30
                 	ST   X,R31
                 	.ENDM
                 
                 	.MACRO __PUTD1SNX
                 	MOVW R26,R28
                 	SUBI R26,LOW(-@0)
                 	SBCI R27,HIGH(-@0)
                 	LD   R0,X+
                 	LD   R27,X
                 	MOV  R26,R0
                 	SUBI R26,LOW(-@1)
                 	SBCI R27,HIGH(-@1)
                 	ST   X+,R30
                 	ST   X+,R31
                 	ST   X+,R22
                 	ST   X,R23
                 	.ENDM
                 
                 	.MACRO __MULBRR
                 	MULS R@0,R@1
                 	MOVW R30,R0
                 	.ENDM
                 
                 	.MACRO __MULBRRU
                 	MUL  R@0,R@1
                 	MOVW R30,R0
                 	.ENDM
                 
                 	.MACRO __MULBRR0
                 	MULS R@0,R@1
                 	.ENDM
                 
                 	.MACRO __MULBRRU0
                 	MUL  R@0,R@1
                 	.ENDM
                 
                 	.MACRO __MULBNWRU
                 	LDI  R26,@2
                 	MUL  R26,R@0
                 	MOVW R30,R0
                 	MUL  R26,R@1
                 	ADD  R31,R0
                 	.ENDM
                 
                 ;NAME DEFINITIONS FOR GLOBAL VARIABLES ALLOCATED TO REGISTERS
                 	.DEF _SLA_W=R5
                 	.DEF _SLA_R=R4
                 	.DEF _DATA=R7
                 	.DEF __lcd_x=R6
                 	.DEF __lcd_y=R9
                 	.DEF __lcd_maxx=R8
                 
                 	.CSEG
                 	.ORG 0x00
                 
                 ;START OF CODE MARKER
                 __START_OF_CODE:
                 
                 ;INTERRUPT VECTORS
000000 940c 0076 	JMP  __RESET
000002 940c 0000 	JMP  0x00
000004 940c 0000 	JMP  0x00
000006 940c 0000 	JMP  0x00
000008 940c 0000 	JMP  0x00
00000a 940c 0000 	JMP  0x00
00000c 940c 0000 	JMP  0x00
00000e 940c 0000 	JMP  0x00
000010 940c 0000 	JMP  0x00
000012 940c 0000 	JMP  0x00
000014 940c 0000 	JMP  0x00
000016 940c 0000 	JMP  0x00
000018 940c 0000 	JMP  0x00
00001a 940c 0000 	JMP  0x00
00001c 940c 0000 	JMP  0x00
00001e 940c 0000 	JMP  0x00
000020 940c 0000 	JMP  0x00
000022 940c 00a6 	JMP  _twi_isr
000024 940c 0000 	JMP  0x00
000026 940c 0000 	JMP  0x00
000028 940c 0000 	JMP  0x00
                 
                 _tbl10_G100:
00002a 2710
00002b 03e8
00002c 0064
00002d 000a      	.DB  0x10,0x27,0xE8,0x3,0x64,0x0,0xA,0x0
00002e 0001      	.DB  0x1,0x0
                 _tbl16_G100:
00002f 1000
000030 0100
000031 0010
000032 0001      	.DB  0x0,0x10,0x0,0x1,0x10,0x0,0x1,0x0
                 
                 _0x0:
000033 5754
000034 4e49
000035 0054
000036 6425      	.DB  0x54,0x57,0x49,0x4E,0x54,0x0,0x25,0x64
000037 7300
000038 6174
000039 7472
00003a 5300      	.DB  0x0,0x73,0x74,0x61,0x72,0x74,0x0,0x53
00003b 414c
00003c 575f
00003d 4400
00003e 5441      	.DB  0x4C,0x41,0x5F,0x57,0x0,0x44,0x41,0x54
00003f 0041
000040 5453
000041 504f
000042 4400      	.DB  0x41,0x0,0x53,0x54,0x4F,0x50,0x0,0x44
000043 5441
000044 2041
000045 4341
000046 204b      	.DB  0x41,0x54,0x41,0x20,0x41,0x43,0x4B,0x20
000047 2072
000048 7265
000049 6f72
00004a 0072      	.DB  0x72,0x20,0x65,0x72,0x72,0x6F,0x72,0x0
00004b 4c53
00004c 2041
00004d 4341
00004e 204b      	.DB  0x53,0x4C,0x41,0x20,0x41,0x43,0x4B,0x20
00004f 2072
000050 7265
000051 6f72
000052 0072      	.DB  0x72,0x20,0x65,0x72,0x72,0x6F,0x72,0x0
000053 7473
000054 7420
000055 6520
000056 7272      	.DB  0x73,0x74,0x20,0x74,0x20,0x65,0x72,0x72
000057 726f
C:\Users\Sun\Desktop\TWI test\master\List\master.asm(1111): warning: .cseg .db misalignment - padding zero byte
000058 0000      	.DB  0x6F,0x72,0x0
                 _0x2020003:
000059 c080      	.DB  0x80,0xC0
                 
                 __GLOBAL_INI_TBL:
00005a 0006      	.DW  0x06
00005b 0160      	.DW  _0x3
00005c 0066      	.DW  _0x0*2
                 
00005d 0006      	.DW  0x06
00005e 0166      	.DW  _0x8
00005f 006f      	.DW  _0x0*2+9
                 
000060 0006      	.DW  0x06
000061 016c      	.DW  _0x8+6
000062 0075      	.DW  _0x0*2+15
                 
000063 0005      	.DW  0x05
000064 0172      	.DW  _0x8+12
000065 007b      	.DW  _0x0*2+21
                 
000066 0005      	.DW  0x05
000067 0177      	.DW  _0x8+17
000068 0080      	.DW  _0x0*2+26
                 
000069 0011      	.DW  0x11
00006a 017c      	.DW  _0x8+22
00006b 0085      	.DW  _0x0*2+31
                 
00006c 0010      	.DW  0x10
00006d 018d      	.DW  _0x8+39
00006e 0096      	.DW  _0x0*2+48
                 
00006f 000b      	.DW  0x0B
000070 019d      	.DW  _0x8+55
000071 00a6      	.DW  _0x0*2+64
                 
000072 0002      	.DW  0x02
000073 01b8      	.DW  __base_y_G101
000074 00b2      	.DW  _0x2020003*2
                 
                 _0xFFFFFFFF:
000075 0000      	.DW  0
                 
                 __RESET:
000076 94f8      	CLI
000077 27ee      	CLR  R30
000078 bbec      	OUT  EECR,R30
                 
                 ;INTERRUPT VECTORS ARE PLACED
                 ;AT THE START OF FLASH
000079 e0f1      	LDI  R31,1
00007a bffb      	OUT  GICR,R31
00007b bfeb      	OUT  GICR,R30
00007c bfe5      	OUT  MCUCR,R30
                 
                 ;DISABLE WATCHDOG
00007d e1f8      	LDI  R31,0x18
00007e bdf1      	OUT  WDTCR,R31
00007f bde1      	OUT  WDTCR,R30
                 
                 ;CLEAR R2-R14
000080 e08d      	LDI  R24,(14-2)+1
000081 e0a2      	LDI  R26,2
000082 27bb      	CLR  R27
                 __CLEAR_REG:
000083 93ed      	ST   X+,R30
000084 958a      	DEC  R24
000085 f7e9      	BRNE __CLEAR_REG
                 
                 ;CLEAR SRAM
000086 e080      	LDI  R24,LOW(__CLEAR_SRAM_SIZE)
000087 e094      	LDI  R25,HIGH(__CLEAR_SRAM_SIZE)
000088 e6a0      	LDI  R26,__SRAM_START
                 __CLEAR_SRAM:
000089 93ed      	ST   X+,R30
00008a 9701      	SBIW R24,1
00008b f7e9      	BRNE __CLEAR_SRAM
                 
                 ;GLOBAL VARIABLES INITIALIZATION
00008c ebe4      	LDI  R30,LOW(__GLOBAL_INI_TBL*2)
00008d e0f0      	LDI  R31,HIGH(__GLOBAL_INI_TBL*2)
                 __GLOBAL_INI_NEXT:
00008e 9185      	LPM  R24,Z+
00008f 9195      	LPM  R25,Z+
000090 9700      	SBIW R24,0
000091 f061      	BREQ __GLOBAL_INI_END
000092 91a5      	LPM  R26,Z+
000093 91b5      	LPM  R27,Z+
000094 9005      	LPM  R0,Z+
000095 9015      	LPM  R1,Z+
000096 01bf      	MOVW R22,R30
000097 01f0      	MOVW R30,R0
                 __GLOBAL_INI_LOOP:
000098 9005      	LPM  R0,Z+
000099 920d      	ST   X+,R0
00009a 9701      	SBIW R24,1
00009b f7e1      	BRNE __GLOBAL_INI_LOOP
00009c 01fb      	MOVW R30,R22
00009d cff0      	RJMP __GLOBAL_INI_NEXT
                 __GLOBAL_INI_END:
                 
                 ;HARDWARE STACK POINTER INITIALIZATION
00009e e5ef      	LDI  R30,LOW(__SRAM_END-__HEAP_SIZE)
00009f bfed      	OUT  SPL,R30
0000a0 e0e4      	LDI  R30,HIGH(__SRAM_END-__HEAP_SIZE)
0000a1 bfee      	OUT  SPH,R30
                 
                 ;DATA STACK POINTER INITIALIZATION
0000a2 e6c0      	LDI  R28,LOW(__SRAM_START+__DSTACK_SIZE)
0000a3 e0d1      	LDI  R29,HIGH(__SRAM_START+__DSTACK_SIZE)
                 
0000a4 940c 00c7 	JMP  _main
                 
                 	.ESEG
                 	.ORG 0
                 
                 	.DSEG
                 	.ORG 0x160
                 
                 	.CSEG
                 ;/*****************************************************
                 ;This program was produced by the
                 ;CodeWizardAVR V2.05.0 Advanced
                 ;Automatic Program Generator
                 ;© Copyright 1998-2010 Pavel Haiduc, HP InfoTech s.r.l.
                 ;http://www.hpinfotech.com
                 ;
                 ;Project :
                 ;Version :
                 ;Date    : 8/13/2014
                 ;Author  : www.Eca.ir *** www.Webkade.ir
                 ;Company :
                 ;Comments:
                 ;
                 ;
                 ;Chip type               : ATmega16
                 ;Program type            : Application
                 ;AVR Core Clock frequency: 8.000000 MHz
                 ;Memory model            : Small
                 ;External RAM size       : 0
                 ;Data Stack size         : 256
                 ;*****************************************************/
                 ;
                 ;#include <mega16.h>
                 	#ifndef __SLEEP_DEFINED__
                 	#define __SLEEP_DEFINED__
                 	.EQU __se_bit=0x40
                 	.EQU __sm_mask=0xB0
                 	.EQU __sm_powerdown=0x20
                 	.EQU __sm_powersave=0x30
                 	.EQU __sm_standby=0xA0
                 	.EQU __sm_ext_standby=0xB0
                 	.EQU __sm_adc_noise_red=0x10
                 	.SET power_ctrl_reg=mcucr
                 	#endif
                 ;#include <stdio.h>
                 ;// Alphanumeric LCD Module functions
                 ;#include <alcd.h>
                 ;
                 ;char rx[32];
                 ;char tx[32];
                 ;char SLA_W,SLA_R;
                 ;char DATA;
                 ;char a[16];
                 ;// Two Wire bus interrupt service routine
                 ;interrupt [TWI] void twi_isr(void)
                 ; 0000 0024 {
                 
                 	.CSEG
                 _twi_isr:
0000a6 920a      	ST   -Y,R0
0000a7 921a      	ST   -Y,R1
0000a8 92fa      	ST   -Y,R15
0000a9 936a      	ST   -Y,R22
0000aa 937a      	ST   -Y,R23
0000ab 938a      	ST   -Y,R24
0000ac 939a      	ST   -Y,R25
0000ad 93aa      	ST   -Y,R26
0000ae 93ba      	ST   -Y,R27
0000af 93ea      	ST   -Y,R30
0000b0 93fa      	ST   -Y,R31
0000b1 b7ef      	IN   R30,SREG
0000b2 93ea      	ST   -Y,R30
                 ; 0000 0025 // Place your code here
                 ; 0000 0026 lcd_clear();
0000b3 940e 0348 	CALL _lcd_clear
                 ; 0000 0027 lcd_puts("TWINT");
                +
0000b5 e6e0     +LDI R30 , LOW ( _0x3 + ( 0 ) )
0000b6 e0f1     +LDI R31 , HIGH ( _0x3 + ( 0 ) )
                 	__POINTW1MN _0x3,0
0000b7 940e 03c3 	CALL SUBOPT_0x0
                 ; 0000 0028 }
0000b9 91e9      	LD   R30,Y+
0000ba bfef      	OUT  SREG,R30
0000bb 91f9      	LD   R31,Y+
0000bc 91e9      	LD   R30,Y+
0000bd 91b9      	LD   R27,Y+
0000be 91a9      	LD   R26,Y+
0000bf 9199      	LD   R25,Y+
0000c0 9189      	LD   R24,Y+
0000c1 9179      	LD   R23,Y+
0000c2 9169      	LD   R22,Y+
0000c3 90f9      	LD   R15,Y+
0000c4 9019      	LD   R1,Y+
0000c5 9009      	LD   R0,Y+
0000c6 9518      	RETI
                 
                 	.DSEG
                 _0x3:
000160           	.BYTE 0x6
                 ;
                 ;// Declare your global variables here
                 ;
                 ;void main(void)
                 ; 0000 002D {
                 
                 	.CSEG
                 _main:
                 ; 0000 002E // Declare your local variables here
                 ; 0000 002F int flag = 1;
                 ; 0000 0030 
                 ; 0000 0031 // Input/Output Ports initialization
                 ; 0000 0032 // Port A initialization
                 ; 0000 0033 // Func7=In Func6=In Func5=In Func4=In Func3=In Func2=In Func1=In Func0=In
                 ; 0000 0034 // State7=T State6=T State5=T State4=T State3=T State2=T State1=T State0=T
                 ; 0000 0035 PORTA=0x00;
                 ;	flag -> R16,R17
                +
0000c7 e001     +LDI R16 , LOW ( 1 )
0000c8 e010     +LDI R17 , HIGH ( 1 )
                 	__GETWRN 16,17,1
0000c9 e0e0      	LDI  R30,LOW(0)
0000ca bbeb      	OUT  0x1B,R30
                 ; 0000 0036 DDRA=0x00;
0000cb bbea      	OUT  0x1A,R30
                 ; 0000 0037 
                 ; 0000 0038 // Port B initialization
                 ; 0000 0039 // Func7=In Func6=In Func5=In Func4=In Func3=In Func2=Out Func1=Out Func0=Out
                 ; 0000 003A // State7=T State6=T State5=T State4=T State3=T State2=0 State1=0 State0=0
                 ; 0000 003B PORTB=0x00;
0000cc bbe8      	OUT  0x18,R30
                 ; 0000 003C DDRB=0x07;
0000cd e0e7      	LDI  R30,LOW(7)
0000ce bbe7      	OUT  0x17,R30
                 ; 0000 003D 
                 ; 0000 003E // Port C initialization
                 ; 0000 003F // Func7=In Func6=In Func5=In Func4=In Func3=In Func2=In Func1=In Func0=In
                 ; 0000 0040 // State7=T State6=T State5=T State4=T State3=T State2=T State1=T State0=T
                 ; 0000 0041 PORTC=0x00;
0000cf e0e0      	LDI  R30,LOW(0)
0000d0 bbe5      	OUT  0x15,R30
                 ; 0000 0042 DDRC=0x00;
0000d1 bbe4      	OUT  0x14,R30
                 ; 0000 0043 
                 ; 0000 0044 // Port D initialization
                 ; 0000 0045 // Func7=In Func6=In Func5=In Func4=In Func3=In Func2=In Func1=In Func0=In
                 ; 0000 0046 // State7=T State6=T State5=T State4=T State3=T State2=T State1=T State0=T
                 ; 0000 0047 PORTD=0x00;
0000d2 bbe2      	OUT  0x12,R30
                 ; 0000 0048 DDRD=0x00;
0000d3 bbe1      	OUT  0x11,R30
                 ; 0000 0049 
                 ; 0000 004A // Timer/Counter 0 initialization
                 ; 0000 004B // Clock source: System Clock
                 ; 0000 004C // Clock value: Timer 0 Stopped
                 ; 0000 004D // Mode: Normal top=0xFF
                 ; 0000 004E // OC0 output: Disconnected
                 ; 0000 004F TCCR0=0x00;
0000d4 bfe3      	OUT  0x33,R30
                 ; 0000 0050 TCNT0=0x00;
0000d5 bfe2      	OUT  0x32,R30
                 ; 0000 0051 OCR0=0x00;
0000d6 bfec      	OUT  0x3C,R30
                 ; 0000 0052 
                 ; 0000 0053 // Timer/Counter 1 initialization
                 ; 0000 0054 // Clock source: System Clock
                 ; 0000 0055 // Clock value: Timer1 Stopped
                 ; 0000 0056 // Mode: Normal top=0xFFFF
                 ; 0000 0057 // OC1A output: Discon.
                 ; 0000 0058 // OC1B output: Discon.
                 ; 0000 0059 // Noise Canceler: Off
                 ; 0000 005A // Input Capture on Falling Edge
                 ; 0000 005B // Timer1 Overflow Interrupt: Off
                 ; 0000 005C // Input Capture Interrupt: Off
                 ; 0000 005D // Compare A Match Interrupt: Off
                 ; 0000 005E // Compare B Match Interrupt: Off
                 ; 0000 005F TCCR1A=0x00;
0000d7 bdef      	OUT  0x2F,R30
                 ; 0000 0060 TCCR1B=0x00;
0000d8 bdee      	OUT  0x2E,R30
                 ; 0000 0061 TCNT1H=0x00;
0000d9 bded      	OUT  0x2D,R30
                 ; 0000 0062 TCNT1L=0x00;
0000da bdec      	OUT  0x2C,R30
                 ; 0000 0063 ICR1H=0x00;
0000db bde7      	OUT  0x27,R30
                 ; 0000 0064 ICR1L=0x00;
0000dc bde6      	OUT  0x26,R30
                 ; 0000 0065 OCR1AH=0x00;
0000dd bdeb      	OUT  0x2B,R30
                 ; 0000 0066 OCR1AL=0x00;
0000de bdea      	OUT  0x2A,R30
                 ; 0000 0067 OCR1BH=0x00;
0000df bde9      	OUT  0x29,R30
                 ; 0000 0068 OCR1BL=0x00;
0000e0 bde8      	OUT  0x28,R30
                 ; 0000 0069 
                 ; 0000 006A // Timer/Counter 2 initialization
                 ; 0000 006B // Clock source: System Clock
                 ; 0000 006C // Clock value: Timer2 Stopped
                 ; 0000 006D // Mode: Normal top=0xFF
                 ; 0000 006E // OC2 output: Disconnected
                 ; 0000 006F ASSR=0x00;
0000e1 bde2      	OUT  0x22,R30
                 ; 0000 0070 TCCR2=0x00;
0000e2 bde5      	OUT  0x25,R30
                 ; 0000 0071 TCNT2=0x00;
0000e3 bde4      	OUT  0x24,R30
                 ; 0000 0072 OCR2=0x00;
0000e4 bde3      	OUT  0x23,R30
                 ; 0000 0073 
                 ; 0000 0074 // External Interrupt(s) initialization
                 ; 0000 0075 // INT0: Off
                 ; 0000 0076 // INT1: Off
                 ; 0000 0077 // INT2: Off
                 ; 0000 0078 MCUCR=0x00;
0000e5 bfe5      	OUT  0x35,R30
                 ; 0000 0079 MCUCSR=0x00;
0000e6 bfe4      	OUT  0x34,R30
                 ; 0000 007A 
                 ; 0000 007B // Timer(s)/Counter(s) Interrupt(s) initialization
                 ; 0000 007C TIMSK=0x00;
0000e7 bfe9      	OUT  0x39,R30
                 ; 0000 007D 
                 ; 0000 007E // USART initialization
                 ; 0000 007F // USART disabled
                 ; 0000 0080 UCSRB=0x00;
0000e8 b9ea      	OUT  0xA,R30
                 ; 0000 0081 
                 ; 0000 0082 // Analog Comparator initialization
                 ; 0000 0083 // Analog Comparator: Off
                 ; 0000 0084 // Analog Comparator Input Capture by Timer/Counter 1: Off
                 ; 0000 0085 ACSR=0x80;
0000e9 e8e0      	LDI  R30,LOW(128)
0000ea b9e8      	OUT  0x8,R30
                 ; 0000 0086 SFIOR=0x00;
0000eb e0e0      	LDI  R30,LOW(0)
0000ec bfe0      	OUT  0x30,R30
                 ; 0000 0087 
                 ; 0000 0088 // ADC initialization
                 ; 0000 0089 // ADC disabled
                 ; 0000 008A ADCSRA=0x00;
0000ed b9e6      	OUT  0x6,R30
                 ; 0000 008B 
                 ; 0000 008C // SPI initialization
                 ; 0000 008D // SPI disabled
                 ; 0000 008E SPCR=0x00;
0000ee b9ed      	OUT  0xD,R30
                 ; 0000 008F 
                 ; 0000 0090 // TWI initialization
                 ; 0000 0091 // Bit Rate: 400.000 kHz
                 ; 0000 0092 TWBR=0x02;
0000ef e0e2      	LDI  R30,LOW(2)
0000f0 b9e0      	OUT  0x0,R30
                 ; 0000 0093 // Two Wire Bus Slave Address: 0x1
                 ; 0000 0094 // General Call Recognition: On
                 ; 0000 0095 TWAR=0x03;
0000f1 e0e3      	LDI  R30,LOW(3)
0000f2 b9e2      	OUT  0x2,R30
                 ; 0000 0096 // Generate Acknowledge Pulse: On
                 ; 0000 0097 // TWI Interrupt: On
                 ; 0000 0098 TWCR=0x45;
0000f3 e4e5      	LDI  R30,LOW(69)
0000f4 bfe6      	OUT  0x36,R30
                 ; 0000 0099 TWSR=0x00;
0000f5 e0e0      	LDI  R30,LOW(0)
0000f6 b9e1      	OUT  0x1,R30
                 ; 0000 009A 
                 ; 0000 009B // Alphanumeric LCD initialization
                 ; 0000 009C // Connections specified in the
                 ; 0000 009D // Project|Configure|C Compiler|Libraries|Alphanumeric LCD menu:
                 ; 0000 009E // RS - PORTA Bit 0
                 ; 0000 009F // RD - PORTA Bit 1
                 ; 0000 00A0 // EN - PORTA Bit 2
                 ; 0000 00A1 // D4 - PORTA Bit 4
                 ; 0000 00A2 // D5 - PORTA Bit 5
                 ; 0000 00A3 // D6 - PORTA Bit 6
                 ; 0000 00A4 // D7 - PORTA Bit 7
                 ; 0000 00A5 // Characters/line: 8
                 ; 0000 00A6 lcd_init(16);
0000f7 e1e0      	LDI  R30,LOW(16)
0000f8 93ea      	ST   -Y,R30
0000f9 940e 0379 	CALL _lcd_init
                 ; 0000 00A7 
                 ; 0000 00A8 // Global enable interrupts
                 ; 0000 00A9 #asm("sei")
0000fb 9478      	sei
                 ; 0000 00AA 
                 ; 0000 00AB SLA_W = 0x05;
0000fc e0e5      	LDI  R30,LOW(5)
0000fd 2e5e      	MOV  R5,R30
                 ; 0000 00AC DATA = 'A';
0000fe e4e1      	LDI  R30,LOW(65)
0000ff 2e7e      	MOV  R7,R30
                 ; 0000 00AD 
                 ; 0000 00AE while (1)
                 _0x4:
                 ; 0000 00AF       {
                 ; 0000 00B0       if(flag){
000100 2e00      	MOV  R0,R16
000101 2a01      	OR   R0,R17
000102 f411      	BRNE PC+3
000103 940c 015f 	JMP _0x7
                 ; 0000 00B1         //start transmite
                 ; 0000 00B2         TWCR = (1<<TWINT) | (1<<TWSTA) | (1<<TWEN);
000105 eae4      	LDI  R30,LOW(164)
000106 bfe6      	OUT  0x36,R30
                 ; 0000 00B3         //TWCR = 1<<7   , 5   2
                 ; 0000 00B4         //TWCR = 0b00100100;
                 ; 0000 00B5         lcd_clear();
000107 940e 0348 	CALL _lcd_clear
                 ; 0000 00B6         sprintf(a,"%d",TWCR);
000109 eae8      	LDI  R30,LOW(_a)
00010a e0f1      	LDI  R31,HIGH(_a)
00010b 93fa      	ST   -Y,R31
00010c 93ea      	ST   -Y,R30
                +
00010d e6ec     +LDI R30 , LOW ( 2 * _0x0 + ( 6 ) )
00010e e0f0     +LDI R31 , HIGH ( 2 * _0x0 + ( 6 ) )
                 	__POINTW1FN _0x0,6
00010f 93fa      	ST   -Y,R31
000110 93ea      	ST   -Y,R30
000111 b7e6      	IN   R30,0x36
000112 27ff      	CLR  R31
000113 2766      	CLR  R22
000114 2777      	CLR  R23
000115 940e 0425 	CALL __PUTPARD1
000117 e084      	LDI  R24,4
000118 940e 02d4 	CALL _sprintf
00011a 9628      	ADIW R28,8
                 ; 0000 00B7         lcd_puts("start");
                +
00011b e6e6     +LDI R30 , LOW ( _0x8 + ( 0 ) )
00011c e0f1     +LDI R31 , HIGH ( _0x8 + ( 0 ) )
                 	__POINTW1MN _0x8,0
00011d 940e 03c3 	CALL SUBOPT_0x0
                 ; 0000 00B8         lcd_puts(a);
00011f eae8      	LDI  R30,LOW(_a)
000120 e0f1      	LDI  R31,HIGH(_a)
000121 940e 03c3 	CALL SUBOPT_0x0
                 ; 0000 00B9         //
                 ; 0000 00BA         while(!(TWCR & (1<<TWINT)));
                 _0x9:
000123 b7e6      	IN   R30,0x36
000124 78e0      	ANDI R30,LOW(0x80)
000125 f3e9      	BREQ _0x9
                 ; 0000 00BB         //start transmition check
                 ; 0000 00BC         if(TWSR & 0x08){
000126 9b0b      	SBIS 0x1,3
000127 c033      	RJMP _0xC
                 ; 0000 00BD             //SLA transmite
                 ; 0000 00BE             TWDR = SLA_W;
000128 b853      	OUT  0x3,R5
                 ; 0000 00BF             TWCR = (1<<TWINT) | (1<<TWEN);
000129 e8e4      	LDI  R30,LOW(132)
00012a bfe6      	OUT  0x36,R30
                 ; 0000 00C0             lcd_clear();
00012b 940e 0348 	CALL _lcd_clear
                 ; 0000 00C1             lcd_puts("SLA_W");
                +
00012d e6ec     +LDI R30 , LOW ( _0x8 + ( 6 ) )
00012e e0f1     +LDI R31 , HIGH ( _0x8 + ( 6 ) )
                 	__POINTW1MN _0x8,6
00012f 940e 03c3 	CALL SUBOPT_0x0
                 ; 0000 00C2             //
                 ; 0000 00C3             while(!(TWCR & (1<<TWINT)));
                 _0xD:
000131 b7e6      	IN   R30,0x36
000132 78e0      	ANDI R30,LOW(0x80)
000133 f3e9      	BREQ _0xD
                 ; 0000 00C4             //ack receive check
                 ; 0000 00C5             if(TWSR & 0x18){
000134 b1e1      	IN   R30,0x1
000135 71e8      	ANDI R30,LOW(0x18)
000136 f0f9      	BREQ _0x10
                 ; 0000 00C6                 //data transmite
                 ; 0000 00C7                 TWDR = DATA;
000137 b873      	OUT  0x3,R7
                 ; 0000 00C8                 TWCR = (1<<TWINT) | (1<<TWEN);
000138 e8e4      	LDI  R30,LOW(132)
000139 bfe6      	OUT  0x36,R30
                 ; 0000 00C9                 lcd_clear();
00013a 940e 0348 	CALL _lcd_clear
                 ; 0000 00CA                 lcd_puts("DATA");
                +
00013c e7e2     +LDI R30 , LOW ( _0x8 + ( 12 ) )
00013d e0f1     +LDI R31 , HIGH ( _0x8 + ( 12 ) )
                 	__POINTW1MN _0x8,12
00013e 940e 03c3 	CALL SUBOPT_0x0
                 ; 0000 00CB                 //
                 ; 0000 00CC                 while(!(TWCR & (1<<TWINT)));
                 _0x11:
000140 b7e6      	IN   R30,0x36
000141 78e0      	ANDI R30,LOW(0x80)
000142 f3e9      	BREQ _0x11
                 ; 0000 00CD                 //ack receive check
                 ; 0000 00CE                 if(TWSR & 0x28){
000143 b1e1      	IN   R30,0x1
000144 72e8      	ANDI R30,LOW(0x28)
000145 f059      	BREQ _0x14
                 ; 0000 00CF                     //stop transmite
                 ; 0000 00D0                     TWCR = (1<<TWINT) | (1<<TWEN) | (1<<TWSTO);      \
                 ; 0000 00D1                     lcd_clear();
000146 e9e4      	LDI  R30,LOW(148)
000147 bfe6      	OUT  0x36,R30
000148 940e 0348 	CALL _lcd_clear
                 ; 0000 00D2                     lcd_puts("STOP");
                +
00014a e7e7     +LDI R30 , LOW ( _0x8 + ( 17 ) )
00014b e0f1     +LDI R31 , HIGH ( _0x8 + ( 17 ) )
                 	__POINTW1MN _0x8,17
00014c 940e 03c3 	CALL SUBOPT_0x0
                 ; 0000 00D3                     flag = 0;
                +
00014e e000     +LDI R16 , LOW ( 0 )
00014f e010     +LDI R17 , HIGH ( 0 )
                 	__GETWRN 16,17,0
                 ; 0000 00D4                 }else{
000150 c004      	RJMP _0x15
                 _0x14:
                 ; 0000 00D5                     lcd_puts("DATA ACK r error");
                +
000151 e7ec     +LDI R30 , LOW ( _0x8 + ( 22 ) )
000152 e0f1     +LDI R31 , HIGH ( _0x8 + ( 22 ) )
                 	__POINTW1MN _0x8,22
000153 940e 03c3 	CALL SUBOPT_0x0
                 ; 0000 00D6                 }
                 _0x15:
                 ; 0000 00D7             }else{
000155 c004      	RJMP _0x16
                 _0x10:
                 ; 0000 00D8                 lcd_puts("SLA ACK r error");
                +
000156 e8ed     +LDI R30 , LOW ( _0x8 + ( 39 ) )
000157 e0f1     +LDI R31 , HIGH ( _0x8 + ( 39 ) )
                 	__POINTW1MN _0x8,39
000158 940e 03c3 	CALL SUBOPT_0x0
                 ; 0000 00D9             }
                 _0x16:
                 ; 0000 00DA         }else{
00015a c004      	RJMP _0x17
                 _0xC:
                 ; 0000 00DB             lcd_puts("st t error");
                +
00015b e9ed     +LDI R30 , LOW ( _0x8 + ( 55 ) )
00015c e0f1     +LDI R31 , HIGH ( _0x8 + ( 55 ) )
                 	__POINTW1MN _0x8,55
00015d 940e 03c3 	CALL SUBOPT_0x0
                 ; 0000 00DC         }
                 _0x17:
                 ; 0000 00DD       }
                 ; 0000 00DE 
                 ; 0000 00DF     }
                 _0x7:
00015f cfa0      	RJMP _0x4
                 ; 0000 00E0 }
                 _0x18:
000160 cfff      	RJMP _0x18
                 
                 	.DSEG
                 _0x8:
000166           	.BYTE 0x42
                 	#ifndef __SLEEP_DEFINED__
                 	#endif
                 
                 	.CSEG
                 _put_buff_G100:
000161 931a      	ST   -Y,R17
000162 930a      	ST   -Y,R16
000163 81aa      	LDD  R26,Y+2
000164 81bb      	LDD  R27,Y+2+1
000165 9612      	ADIW R26,2
000166 940e 041d 	CALL __GETW1P
000168 9730      	SBIW R30,0
000169 f159      	BREQ _0x2000010
00016a 81aa      	LDD  R26,Y+2
00016b 81bb      	LDD  R27,Y+2+1
00016c 9614      	ADIW R26,4
00016d 940e 041d 	CALL __GETW1P
00016f 018f      	MOVW R16,R30
000170 9730      	SBIW R30,0
000171 f061      	BREQ _0x2000012
                +
000172 3002     +CPI R16 , LOW ( 2 )
000173 e0e0     +LDI R30 , HIGH ( 2 )
000174 071e     +CPC R17 , R30
                 	__CPWRN 16,17,2
000175 f0f0      	BRLO _0x2000013
000176 01f8      	MOVW R30,R16
000177 9731      	SBIW R30,1
000178 018f      	MOVW R16,R30
                +
000179 81aa     +LDD R26 , Y + 2
00017a 81bb     +LDD R27 , Y + 2 + 1
00017b 9614     +ADIW R26 , 4
00017c 93ed     +ST X + , R30
00017d 93fc     +ST X , R31
                 	__PUTW1SNS 2,4
                 _0x2000012:
00017e 81aa      	LDD  R26,Y+2
00017f 81bb      	LDD  R27,Y+2+1
000180 9612      	ADIW R26,2
000181 91ed      	LD   R30,X+
000182 91fd      	LD   R31,X+
000183 9631      	ADIW R30,1
000184 93fe      	ST   -X,R31
000185 93ee      	ST   -X,R30
000186 9731      	SBIW R30,1
000187 81ac      	LDD  R26,Y+4
000188 83a0      	STD  Z+0,R26
000189 81aa      	LDD  R26,Y+2
00018a 81bb      	LDD  R27,Y+2+1
00018b 940e 041d 	CALL __GETW1P
00018d 23ff      	TST  R31
00018e f02a      	BRMI _0x2000014
00018f 91ed      	LD   R30,X+
000190 91fd      	LD   R31,X+
000191 9631      	ADIW R30,1
000192 93fe      	ST   -X,R31
000193 93ee      	ST   -X,R30
                 _0x2000014:
                 _0x2000013:
000194 c006      	RJMP _0x2000015
                 _0x2000010:
000195 81aa      	LDD  R26,Y+2
000196 81bb      	LDD  R27,Y+2+1
000197 efef      	LDI  R30,LOW(65535)
000198 efff      	LDI  R31,HIGH(65535)
000199 93ed      	ST   X+,R30
00019a 93fc      	ST   X,R31
                 _0x2000015:
00019b 8119      	LDD  R17,Y+1
00019c 8108      	LDD  R16,Y+0
00019d 9625      	ADIW R28,5
00019e 9508      	RET
                 __print_G100:
00019f 9726      	SBIW R28,6
0001a0 940e 042a 	CALL __SAVELOCR6
0001a2 e010      	LDI  R17,0
0001a3 85ac      	LDD  R26,Y+12
0001a4 85bd      	LDD  R27,Y+12+1
0001a5 e0e0      	LDI  R30,LOW(0)
0001a6 e0f0      	LDI  R31,HIGH(0)
0001a7 93ed      	ST   X+,R30
0001a8 93fc      	ST   X,R31
                 _0x2000016:
0001a9 89ea      	LDD  R30,Y+18
0001aa 89fb      	LDD  R31,Y+18+1
0001ab 9631      	ADIW R30,1
0001ac 8bea      	STD  Y+18,R30
0001ad 8bfb      	STD  Y+18+1,R31
0001ae 9731      	SBIW R30,1
0001af 91e4      	LPM  R30,Z
0001b0 2f2e      	MOV  R18,R30
0001b1 30e0      	CPI  R30,0
0001b2 f411      	BRNE PC+3
0001b3 940c 02cc 	JMP _0x2000018
0001b5 2fe1      	MOV  R30,R17
0001b6 30e0      	CPI  R30,0
0001b7 f439      	BRNE _0x200001C
0001b8 3225      	CPI  R18,37
0001b9 f411      	BRNE _0x200001D
0001ba e011      	LDI  R17,LOW(1)
0001bb c002      	RJMP _0x200001E
                 _0x200001D:
0001bc 940e 03c7 	CALL SUBOPT_0x1
                 _0x200001E:
0001be c10c      	RJMP _0x200001B
                 _0x200001C:
0001bf 30e1      	CPI  R30,LOW(0x1)
0001c0 f4a9      	BRNE _0x200001F
0001c1 3225      	CPI  R18,37
0001c2 f419      	BRNE _0x2000020
0001c3 940e 03c7 	CALL SUBOPT_0x1
0001c5 c104      	RJMP _0x20000C9
                 _0x2000020:
0001c6 e012      	LDI  R17,LOW(2)
0001c7 e040      	LDI  R20,LOW(0)
0001c8 e000      	LDI  R16,LOW(0)
0001c9 322d      	CPI  R18,45
0001ca f411      	BRNE _0x2000021
0001cb e001      	LDI  R16,LOW(1)
0001cc c0fe      	RJMP _0x200001B
                 _0x2000021:
0001cd 322b      	CPI  R18,43
0001ce f411      	BRNE _0x2000022
0001cf e24b      	LDI  R20,LOW(43)
0001d0 c0fa      	RJMP _0x200001B
                 _0x2000022:
0001d1 3220      	CPI  R18,32
0001d2 f411      	BRNE _0x2000023
0001d3 e240      	LDI  R20,LOW(32)
0001d4 c0f6      	RJMP _0x200001B
                 _0x2000023:
0001d5 c002      	RJMP _0x2000024
                 _0x200001F:
0001d6 30e2      	CPI  R30,LOW(0x2)
0001d7 f439      	BRNE _0x2000025
                 _0x2000024:
0001d8 e050      	LDI  R21,LOW(0)
0001d9 e013      	LDI  R17,LOW(3)
0001da 3320      	CPI  R18,48
0001db f411      	BRNE _0x2000026
0001dc 6800      	ORI  R16,LOW(128)
0001dd c0ed      	RJMP _0x200001B
                 _0x2000026:
0001de c004      	RJMP _0x2000027
                 _0x2000025:
0001df 30e3      	CPI  R30,LOW(0x3)
0001e0 f011      	BREQ PC+3
0001e1 940c 02cb 	JMP _0x200001B
                 _0x2000027:
0001e3 3320      	CPI  R18,48
0001e4 f010      	BRLO _0x200002A
0001e5 332a      	CPI  R18,58
0001e6 f008      	BRLO _0x200002B
                 _0x200002A:
0001e7 c007      	RJMP _0x2000029
                 _0x200002B:
0001e8 e0aa      	LDI  R26,LOW(10)
0001e9 9f5a      	MUL  R21,R26
0001ea 2d50      	MOV  R21,R0
0001eb 2fe2      	MOV  R30,R18
0001ec 53e0      	SUBI R30,LOW(48)
0001ed 0f5e      	ADD  R21,R30
0001ee c0dc      	RJMP _0x200001B
                 _0x2000029:
0001ef 2fe2      	MOV  R30,R18
0001f0 36e3      	CPI  R30,LOW(0x63)
0001f1 f449      	BRNE _0x200002F
0001f2 940e 03d0 	CALL SUBOPT_0x2
0001f4 89e8      	LDD  R30,Y+16
0001f5 89f9      	LDD  R31,Y+16+1
0001f6 81a4      	LDD  R26,Z+4
0001f7 93aa      	ST   -Y,R26
0001f8 940e 03d6 	CALL SUBOPT_0x3
0001fa c0cf      	RJMP _0x2000030
                 _0x200002F:
0001fb 37e3      	CPI  R30,LOW(0x73)
0001fc f441      	BRNE _0x2000032
0001fd 940e 03d0 	CALL SUBOPT_0x2
0001ff 940e 03de 	CALL SUBOPT_0x4
000201 940e 03ae 	CALL _strlen
000203 2f1e      	MOV  R17,R30
000204 c00a      	RJMP _0x2000033
                 _0x2000032:
000205 37e0      	CPI  R30,LOW(0x70)
000206 f461      	BRNE _0x2000035
000207 940e 03d0 	CALL SUBOPT_0x2
000209 940e 03de 	CALL SUBOPT_0x4
00020b 940e 03b8 	CALL _strlenf
00020d 2f1e      	MOV  R17,R30
00020e 6008      	ORI  R16,LOW(8)
                 _0x2000033:
00020f 6002      	ORI  R16,LOW(2)
000210 770f      	ANDI R16,LOW(127)
000211 e030      	LDI  R19,LOW(0)
000212 c035      	RJMP _0x2000036
                 _0x2000035:
000213 36e4      	CPI  R30,LOW(0x64)
000214 f011      	BREQ _0x2000039
000215 36e9      	CPI  R30,LOW(0x69)
000216 f411      	BRNE _0x200003A
                 _0x2000039:
000217 6004      	ORI  R16,LOW(4)
000218 c002      	RJMP _0x200003B
                 _0x200003A:
000219 37e5      	CPI  R30,LOW(0x75)
00021a f431      	BRNE _0x200003C
                 _0x200003B:
00021b e5e4      	LDI  R30,LOW(_tbl10_G100*2)
00021c e0f0      	LDI  R31,HIGH(_tbl10_G100*2)
00021d 83ee      	STD  Y+6,R30
00021e 83ff      	STD  Y+6+1,R31
00021f e015      	LDI  R17,LOW(5)
000220 c00d      	RJMP _0x200003D
                 _0x200003C:
000221 35e8      	CPI  R30,LOW(0x58)
000222 f411      	BRNE _0x200003F
000223 6008      	ORI  R16,LOW(8)
000224 c004      	RJMP _0x2000040
                 _0x200003F:
000225 37e8      	CPI  R30,LOW(0x78)
000226 f011      	BREQ PC+3
000227 940c 02ca 	JMP _0x2000071
                 _0x2000040:
000229 e5ee      	LDI  R30,LOW(_tbl16_G100*2)
00022a e0f0      	LDI  R31,HIGH(_tbl16_G100*2)
00022b 83ee      	STD  Y+6,R30
00022c 83ff      	STD  Y+6+1,R31
00022d e014      	LDI  R17,LOW(4)
                 _0x200003D:
00022e ff02      	SBRS R16,2
00022f c014      	RJMP _0x2000042
000230 940e 03d0 	CALL SUBOPT_0x2
000232 940e 03e8 	CALL SUBOPT_0x5
000234 85ab      	LDD  R26,Y+11
000235 23aa      	TST  R26
000236 f43a      	BRPL _0x2000043
000237 85ea      	LDD  R30,Y+10
000238 85fb      	LDD  R31,Y+10+1
000239 940e 0419 	CALL __ANEGW1
00023b 87ea      	STD  Y+10,R30
00023c 87fb      	STD  Y+10+1,R31
00023d e24d      	LDI  R20,LOW(45)
                 _0x2000043:
00023e 3040      	CPI  R20,0
00023f f011      	BREQ _0x2000044
000240 5f1f      	SUBI R17,-LOW(1)
000241 c001      	RJMP _0x2000045
                 _0x2000044:
000242 7f0b      	ANDI R16,LOW(251)
                 _0x2000045:
000243 c004      	RJMP _0x2000046
                 _0x2000042:
000244 940e 03d0 	CALL SUBOPT_0x2
000246 940e 03e8 	CALL SUBOPT_0x5
                 _0x2000046:
                 _0x2000036:
000248 fd00      	SBRC R16,0
000249 c011      	RJMP _0x2000047
                 _0x2000048:
00024a 1715      	CP   R17,R21
00024b f478      	BRSH _0x200004A
00024c ff07      	SBRS R16,7
00024d c008      	RJMP _0x200004B
00024e ff02      	SBRS R16,2
00024f c004      	RJMP _0x200004C
000250 7f0b      	ANDI R16,LOW(251)
000251 2f24      	MOV  R18,R20
000252 5011      	SUBI R17,LOW(1)
000253 c001      	RJMP _0x200004D
                 _0x200004C:
000254 e320      	LDI  R18,LOW(48)
                 _0x200004D:
000255 c001      	RJMP _0x200004E
                 _0x200004B:
000256 e220      	LDI  R18,LOW(32)
                 _0x200004E:
000257 940e 03c7 	CALL SUBOPT_0x1
000259 5051      	SUBI R21,LOW(1)
00025a cfef      	RJMP _0x2000048
                 _0x200004A:
                 _0x2000047:
00025b 2f31      	MOV  R19,R17
00025c ff01      	SBRS R16,1
00025d c017      	RJMP _0x200004F
                 _0x2000050:
00025e 3030      	CPI  R19,0
00025f f0a1      	BREQ _0x2000052
000260 ff03      	SBRS R16,3
000261 c006      	RJMP _0x2000053
000262 81ee      	LDD  R30,Y+6
000263 81ff      	LDD  R31,Y+6+1
000264 9125      	LPM  R18,Z+
000265 83ee      	STD  Y+6,R30
000266 83ff      	STD  Y+6+1,R31
000267 c005      	RJMP _0x2000054
                 _0x2000053:
000268 81ae      	LDD  R26,Y+6
000269 81bf      	LDD  R27,Y+6+1
00026a 912d      	LD   R18,X+
00026b 83ae      	STD  Y+6,R26
00026c 83bf      	STD  Y+6+1,R27
                 _0x2000054:
00026d 940e 03c7 	CALL SUBOPT_0x1
00026f 3050      	CPI  R21,0
000270 f009      	BREQ _0x2000055
000271 5051      	SUBI R21,LOW(1)
                 _0x2000055:
000272 5031      	SUBI R19,LOW(1)
000273 cfea      	RJMP _0x2000050
                 _0x2000052:
000274 c04b      	RJMP _0x2000056
                 _0x200004F:
                 _0x2000058:
000275 e320      	LDI  R18,LOW(48)
000276 81ee      	LDD  R30,Y+6
000277 81ff      	LDD  R31,Y+6+1
000278 940e 0421 	CALL __GETW1PF
00027a 87e8      	STD  Y+8,R30
00027b 87f9      	STD  Y+8+1,R31
00027c 81ee      	LDD  R30,Y+6
00027d 81ff      	LDD  R31,Y+6+1
00027e 9632      	ADIW R30,2
00027f 83ee      	STD  Y+6,R30
000280 83ff      	STD  Y+6+1,R31
                 _0x200005A:
000281 85e8      	LDD  R30,Y+8
000282 85f9      	LDD  R31,Y+8+1
000283 85aa      	LDD  R26,Y+10
000284 85bb      	LDD  R27,Y+10+1
000285 17ae      	CP   R26,R30
000286 07bf      	CPC  R27,R31
000287 f050      	BRLO _0x200005C
000288 5f2f      	SUBI R18,-LOW(1)
000289 85a8      	LDD  R26,Y+8
00028a 85b9      	LDD  R27,Y+8+1
00028b 85ea      	LDD  R30,Y+10
00028c 85fb      	LDD  R31,Y+10+1
00028d 1bea      	SUB  R30,R26
00028e 0bfb      	SBC  R31,R27
00028f 87ea      	STD  Y+10,R30
000290 87fb      	STD  Y+10+1,R31
000291 cfef      	RJMP _0x200005A
                 _0x200005C:
000292 332a      	CPI  R18,58
000293 f028      	BRLO _0x200005D
000294 ff03      	SBRS R16,3
000295 c002      	RJMP _0x200005E
000296 5f29      	SUBI R18,-LOW(7)
000297 c001      	RJMP _0x200005F
                 _0x200005E:
000298 5d29      	SUBI R18,-LOW(39)
                 _0x200005F:
                 _0x200005D:
000299 fd04      	SBRC R16,4
00029a c01a      	RJMP _0x2000061
00029b 3321      	CPI  R18,49
00029c f420      	BRSH _0x2000063
00029d 85a8      	LDD  R26,Y+8
00029e 85b9      	LDD  R27,Y+8+1
00029f 9711      	SBIW R26,1
0002a0 f409      	BRNE _0x2000062
                 _0x2000063:
0002a1 c009      	RJMP _0x20000CA
                 _0x2000062:
0002a2 1753      	CP   R21,R19
0002a3 f010      	BRLO _0x2000067
0002a4 ff00      	SBRS R16,0
0002a5 c001      	RJMP _0x2000068
                 _0x2000067:
0002a6 c013      	RJMP _0x2000066
                 _0x2000068:
0002a7 e220      	LDI  R18,LOW(32)
0002a8 ff07      	SBRS R16,7
0002a9 c00b      	RJMP _0x2000069
0002aa e320      	LDI  R18,LOW(48)
                 _0x20000CA:
0002ab 6100      	ORI  R16,LOW(16)
0002ac ff02      	SBRS R16,2
0002ad c007      	RJMP _0x200006A
0002ae 7f0b      	ANDI R16,LOW(251)
0002af 934a      	ST   -Y,R20
0002b0 940e 03d6 	CALL SUBOPT_0x3
0002b2 3050      	CPI  R21,0
0002b3 f009      	BREQ _0x200006B
0002b4 5051      	SUBI R21,LOW(1)
                 _0x200006B:
                 _0x200006A:
                 _0x2000069:
                 _0x2000061:
0002b5 940e 03c7 	CALL SUBOPT_0x1
0002b7 3050      	CPI  R21,0
0002b8 f009      	BREQ _0x200006C
0002b9 5051      	SUBI R21,LOW(1)
                 _0x200006C:
                 _0x2000066:
0002ba 5031      	SUBI R19,LOW(1)
0002bb 85a8      	LDD  R26,Y+8
0002bc 85b9      	LDD  R27,Y+8+1
0002bd 9712      	SBIW R26,2
0002be f008      	BRLO _0x2000059
0002bf cfb5      	RJMP _0x2000058
                 _0x2000059:
                 _0x2000056:
0002c0 ff00      	SBRS R16,0
0002c1 c008      	RJMP _0x200006D
                 _0x200006E:
0002c2 3050      	CPI  R21,0
0002c3 f031      	BREQ _0x2000070
0002c4 5051      	SUBI R21,LOW(1)
0002c5 e2e0      	LDI  R30,LOW(32)
0002c6 93ea      	ST   -Y,R30
0002c7 940e 03d6 	CALL SUBOPT_0x3
0002c9 cff8      	RJMP _0x200006E
                 _0x2000070:
                 _0x200006D:
                 _0x2000071:
                 _0x2000030:
                 _0x20000C9:
0002ca e010      	LDI  R17,LOW(0)
                 _0x200001B:
0002cb cedd      	RJMP _0x2000016
                 _0x2000018:
0002cc 85ac      	LDD  R26,Y+12
0002cd 85bd      	LDD  R27,Y+12+1
0002ce 940e 041d 	CALL __GETW1P
0002d0 940e 0431 	CALL __LOADLOCR6
0002d2 9664      	ADIW R28,20
0002d3 9508      	RET
                 _sprintf:
0002d4 92ff      	PUSH R15
0002d5 2ef8      	MOV  R15,R24
0002d6 9726      	SBIW R28,6
0002d7 940e 042c 	CALL __SAVELOCR4
0002d9 940e 03f0 	CALL SUBOPT_0x6
0002db 9730      	SBIW R30,0
0002dc f419      	BRNE _0x2000072
0002dd efef      	LDI  R30,LOW(65535)
0002de efff      	LDI  R31,HIGH(65535)
0002df c025      	RJMP _0x2080002
                 _0x2000072:
0002e0 01de      	MOVW R26,R28
0002e1 9616      	ADIW R26,6
0002e2 940e 0415 	CALL __ADDW2R15
0002e4 018d      	MOVW R16,R26
0002e5 940e 03f0 	CALL SUBOPT_0x6
0002e7 83ee      	STD  Y+6,R30
0002e8 83ff      	STD  Y+6+1,R31
0002e9 e0e0      	LDI  R30,LOW(0)
0002ea 87e8      	STD  Y+8,R30
0002eb 87e9      	STD  Y+8+1,R30
0002ec 01de      	MOVW R26,R28
0002ed 961a      	ADIW R26,10
0002ee 940e 0415 	CALL __ADDW2R15
0002f0 940e 041d 	CALL __GETW1P
0002f2 93fa      	ST   -Y,R31
0002f3 93ea      	ST   -Y,R30
0002f4 931a      	ST   -Y,R17
0002f5 930a      	ST   -Y,R16
0002f6 e6e1      	LDI  R30,LOW(_put_buff_G100)
0002f7 e0f1      	LDI  R31,HIGH(_put_buff_G100)
0002f8 93fa      	ST   -Y,R31
0002f9 93ea      	ST   -Y,R30
0002fa 01fe      	MOVW R30,R28
0002fb 963a      	ADIW R30,10
0002fc 93fa      	ST   -Y,R31
0002fd 93ea      	ST   -Y,R30
0002fe dea0      	RCALL __print_G100
0002ff 019f      	MOVW R18,R30
000300 81ae      	LDD  R26,Y+6
000301 81bf      	LDD  R27,Y+6+1
000302 e0e0      	LDI  R30,LOW(0)
000303 93ec      	ST   X,R30
000304 01f9      	MOVW R30,R18
                 _0x2080002:
000305 940e 0433 	CALL __LOADLOCR4
000307 962a      	ADIW R28,10
000308 90ff      	POP  R15
000309 9508      	RET
                 	#ifndef __SLEEP_DEFINED__
                 	#endif
                 
                 	.DSEG
                 
                 	.CSEG
                 __lcd_write_nibble_G101:
00030a 81e8      	LD   R30,Y
00030b 71e0      	ANDI R30,LOW(0x10)
00030c f011      	BREQ _0x2020004
00030d 9adc      	SBI  0x1B,4
00030e c001      	RJMP _0x2020005
                 _0x2020004:
00030f 98dc      	CBI  0x1B,4
                 _0x2020005:
000310 81e8      	LD   R30,Y
000311 72e0      	ANDI R30,LOW(0x20)
000312 f011      	BREQ _0x2020006
000313 9add      	SBI  0x1B,5
000314 c001      	RJMP _0x2020007
                 _0x2020006:
000315 98dd      	CBI  0x1B,5
                 _0x2020007:
000316 81e8      	LD   R30,Y
000317 74e0      	ANDI R30,LOW(0x40)
000318 f011      	BREQ _0x2020008
000319 9ade      	SBI  0x1B,6
00031a c001      	RJMP _0x2020009
                 _0x2020008:
00031b 98de      	CBI  0x1B,6
                 _0x2020009:
00031c 81e8      	LD   R30,Y
00031d 78e0      	ANDI R30,LOW(0x80)
00031e f011      	BREQ _0x202000A
00031f 9adf      	SBI  0x1B,7
000320 c001      	RJMP _0x202000B
                 _0x202000A:
000321 98df      	CBI  0x1B,7
                 _0x202000B:
                +
000322 e085     +LDI R24 , LOW ( 5 )
                +__DELAY_USB_LOOP :
000323 958a     +DEC R24
000324 f7f1     +BRNE __DELAY_USB_LOOP
                 	__DELAY_USB 5
000325 9ada      	SBI  0x1B,2
                +
000326 e08d     +LDI R24 , LOW ( 13 )
                +__DELAY_USB_LOOP :
000327 958a     +DEC R24
000328 f7f1     +BRNE __DELAY_USB_LOOP
                 	__DELAY_USB 13
000329 98da      	CBI  0x1B,2
                +
00032a e08d     +LDI R24 , LOW ( 13 )
                +__DELAY_USB_LOOP :
00032b 958a     +DEC R24
00032c f7f1     +BRNE __DELAY_USB_LOOP
                 	__DELAY_USB 13
00032d c07e      	RJMP _0x2080001
                 __lcd_write_data:
00032e 81e8      	LD   R30,Y
00032f 93ea      	ST   -Y,R30
000330 dfd9      	RCALL __lcd_write_nibble_G101
000331 81e8          ld    r30,y
000332 95e2          swap  r30
000333 83e8          st    y,r30
000334 81e8      	LD   R30,Y
000335 93ea      	ST   -Y,R30
000336 dfd3      	RCALL __lcd_write_nibble_G101
                +
000337 e885     +LDI R24 , LOW ( 133 )
                +__DELAY_USB_LOOP :
000338 958a     +DEC R24
000339 f7f1     +BRNE __DELAY_USB_LOOP
                 	__DELAY_USB 133
00033a c071      	RJMP _0x2080001
                 _lcd_gotoxy:
00033b 81e8      	LD   R30,Y
00033c e0f0      	LDI  R31,0
00033d 54e8      	SUBI R30,LOW(-__base_y_G101)
00033e 4ffe      	SBCI R31,HIGH(-__base_y_G101)
00033f 81e0      	LD   R30,Z
000340 81a9      	LDD  R26,Y+1
000341 0fea      	ADD  R30,R26
000342 93ea      	ST   -Y,R30
000343 dfea      	RCALL __lcd_write_data
000344 8069      	LDD  R6,Y+1
000345 8098      	LDD  R9,Y+0
000346 9622      	ADIW R28,2
000347 9508      	RET
                 _lcd_clear:
000348 e0e2      	LDI  R30,LOW(2)
000349 940e 03f7 	CALL SUBOPT_0x7
00034b e0ec      	LDI  R30,LOW(12)
00034c 93ea      	ST   -Y,R30
00034d dfe0      	RCALL __lcd_write_data
00034e e0e1      	LDI  R30,LOW(1)
00034f 940e 03f7 	CALL SUBOPT_0x7
000351 e0e0      	LDI  R30,LOW(0)
000352 2e9e      	MOV  R9,R30
000353 2e6e      	MOV  R6,R30
000354 9508      	RET
                 _lcd_putchar:
000355 81a8      	LD   R26,Y
000356 30aa      	CPI  R26,LOW(0xA)
000357 f011      	BREQ _0x2020011
000358 1468      	CP   R6,R8
000359 f048      	BRLO _0x2020010
                 _0x2020011:
00035a e0e0      	LDI  R30,LOW(0)
00035b 93ea      	ST   -Y,R30
00035c 9493      	INC  R9
00035d 929a      	ST   -Y,R9
00035e dfdc      	RCALL _lcd_gotoxy
00035f 81a8      	LD   R26,Y
000360 30aa      	CPI  R26,LOW(0xA)
000361 f409      	BRNE _0x2020013
000362 c049      	RJMP _0x2080001
                 _0x2020013:
                 _0x2020010:
000363 9463      	INC  R6
000364 9ad8      	SBI  0x1B,0
000365 81e8      	LD   R30,Y
000366 93ea      	ST   -Y,R30
000367 dfc6      	RCALL __lcd_write_data
000368 98d8      	CBI  0x1B,0
000369 c042      	RJMP _0x2080001
                 _lcd_puts:
00036a 931a      	ST   -Y,R17
                 _0x2020014:
00036b 81a9      	LDD  R26,Y+1
00036c 81ba      	LDD  R27,Y+1+1
00036d 91ed      	LD   R30,X+
00036e 83a9      	STD  Y+1,R26
00036f 83ba      	STD  Y+1+1,R27
000370 2f1e      	MOV  R17,R30
000371 30e0      	CPI  R30,0
000372 f019      	BREQ _0x2020016
000373 931a      	ST   -Y,R17
000374 dfe0      	RCALL _lcd_putchar
000375 cff5      	RJMP _0x2020014
                 _0x2020016:
000376 8118      	LDD  R17,Y+0
000377 9623      	ADIW R28,3
000378 9508      	RET
                 _lcd_init:
000379 9ad4      	SBI  0x1A,4
00037a 9ad5      	SBI  0x1A,5
00037b 9ad6      	SBI  0x1A,6
00037c 9ad7      	SBI  0x1A,7
00037d 9ad2      	SBI  0x1A,2
00037e 9ad0      	SBI  0x1A,0
00037f 9ad1      	SBI  0x1A,1
000380 98da      	CBI  0x1B,2
000381 98d8      	CBI  0x1B,0
000382 98d9      	CBI  0x1B,1
000383 8088      	LDD  R8,Y+0
000384 81e8      	LD   R30,Y
000385 58e0      	SUBI R30,-LOW(128)
                +
000386 93e0 01ba+STS __base_y_G101 + ( 2 ) , R30
                 	__PUTB1MN __base_y_G101,2
000388 81e8      	LD   R30,Y
000389 54e0      	SUBI R30,-LOW(192)
                +
00038a 93e0 01bb+STS __base_y_G101 + ( 3 ) , R30
                 	__PUTB1MN __base_y_G101,3
00038c e1e4      	LDI  R30,LOW(20)
00038d e0f0      	LDI  R31,HIGH(20)
00038e 93fa      	ST   -Y,R31
00038f 93ea      	ST   -Y,R30
000390 940e 0409 	CALL _delay_ms
000392 940e 0400 	CALL SUBOPT_0x8
000394 940e 0400 	CALL SUBOPT_0x8
000396 940e 0400 	CALL SUBOPT_0x8
000398 e2e0      	LDI  R30,LOW(32)
000399 93ea      	ST   -Y,R30
00039a df6f      	RCALL __lcd_write_nibble_G101
                +
00039b ec88     +LDI R24 , LOW ( 200 )
00039c e090     +LDI R25 , HIGH ( 200 )
                +__DELAY_USW_LOOP :
00039d 9701     +SBIW R24 , 1
00039e f7f1     +BRNE __DELAY_USW_LOOP
                 	__DELAY_USW 200
00039f e2e8      	LDI  R30,LOW(40)
0003a0 93ea      	ST   -Y,R30
0003a1 df8c      	RCALL __lcd_write_data
0003a2 e0e4      	LDI  R30,LOW(4)
0003a3 93ea      	ST   -Y,R30
0003a4 df89      	RCALL __lcd_write_data
0003a5 e8e5      	LDI  R30,LOW(133)
0003a6 93ea      	ST   -Y,R30
0003a7 df86      	RCALL __lcd_write_data
0003a8 e0e6      	LDI  R30,LOW(6)
0003a9 93ea      	ST   -Y,R30
0003aa df83      	RCALL __lcd_write_data
0003ab df9c      	RCALL _lcd_clear
                 _0x2080001:
0003ac 9621      	ADIW R28,1
0003ad 9508      	RET
                 
                 	.CSEG
                 
                 	.CSEG
                 _strlen:
0003ae 91a9          ld   r26,y+
0003af 91b9          ld   r27,y+
0003b0 27ee          clr  r30
0003b1 27ff          clr  r31
                 strlen0:
0003b2 916d          ld   r22,x+
0003b3 2366          tst  r22
0003b4 f011          breq strlen1
0003b5 9631          adiw r30,1
0003b6 cffb          rjmp strlen0
                 strlen1:
0003b7 9508          ret
                 _strlenf:
0003b8 27aa          clr  r26
0003b9 27bb          clr  r27
0003ba 91e9          ld   r30,y+
0003bb 91f9          ld   r31,y+
                 strlenf0:
0003bc 9005      	lpm  r0,z+
0003bd 2000          tst  r0
0003be f011          breq strlenf1
0003bf 9611          adiw r26,1
0003c0 cffb          rjmp strlenf0
                 strlenf1:
0003c1 01fd          movw r30,r26
0003c2 9508          ret
                 
                 	.DSEG
                 _a:
0001a8           	.BYTE 0x10
                 __base_y_G101:
0001b8           	.BYTE 0x4
                 
                 	.CSEG
                 ;OPTIMIZER ADDED SUBROUTINE, CALLED 9 TIMES, CODE SIZE REDUCTION:13 WORDS
                 SUBOPT_0x0:
0003c3 93fa      	ST   -Y,R31
0003c4 93ea      	ST   -Y,R30
0003c5 940c 036a 	JMP  _lcd_puts
                 
                 ;OPTIMIZER ADDED SUBROUTINE, CALLED 5 TIMES, CODE SIZE REDUCTION:21 WORDS
                 SUBOPT_0x1:
0003c7 932a      	ST   -Y,R18
0003c8 85ed      	LDD  R30,Y+13
0003c9 85fe      	LDD  R31,Y+13+1
0003ca 93fa      	ST   -Y,R31
0003cb 93ea      	ST   -Y,R30
0003cc 89e9      	LDD  R30,Y+17
0003cd 89fa      	LDD  R31,Y+17+1
0003ce 9509      	ICALL
0003cf 9508      	RET
                 
                 ;OPTIMIZER ADDED SUBROUTINE, CALLED 5 TIMES, CODE SIZE REDUCTION:9 WORDS
                 SUBOPT_0x2:
0003d0 89e8      	LDD  R30,Y+16
0003d1 89f9      	LDD  R31,Y+16+1
0003d2 9734      	SBIW R30,4
0003d3 8be8      	STD  Y+16,R30
0003d4 8bf9      	STD  Y+16+1,R31
0003d5 9508      	RET
                 
                 ;OPTIMIZER ADDED SUBROUTINE, CALLED 3 TIMES, CODE SIZE REDUCTION:7 WORDS
                 SUBOPT_0x3:
0003d6 85ed      	LDD  R30,Y+13
0003d7 85fe      	LDD  R31,Y+13+1
0003d8 93fa      	ST   -Y,R31
0003d9 93ea      	ST   -Y,R30
0003da 89e9      	LDD  R30,Y+17
0003db 89fa      	LDD  R31,Y+17+1
0003dc 9509      	ICALL
0003dd 9508      	RET
                 
                 ;OPTIMIZER ADDED SUBROUTINE, CALLED 2 TIMES, CODE SIZE REDUCTION:6 WORDS
                 SUBOPT_0x4:
0003de 89a8      	LDD  R26,Y+16
0003df 89b9      	LDD  R27,Y+16+1
0003e0 9614      	ADIW R26,4
0003e1 940e 041d 	CALL __GETW1P
0003e3 83ee      	STD  Y+6,R30
0003e4 83ff      	STD  Y+6+1,R31
0003e5 93fa      	ST   -Y,R31
0003e6 93ea      	ST   -Y,R30
0003e7 9508      	RET
                 
                 ;OPTIMIZER ADDED SUBROUTINE, CALLED 2 TIMES, CODE SIZE REDUCTION:2 WORDS
                 SUBOPT_0x5:
0003e8 89a8      	LDD  R26,Y+16
0003e9 89b9      	LDD  R27,Y+16+1
0003ea 9614      	ADIW R26,4
0003eb 940e 041d 	CALL __GETW1P
0003ed 87ea      	STD  Y+10,R30
0003ee 87fb      	STD  Y+10+1,R31
0003ef 9508      	RET
                 
                 ;OPTIMIZER ADDED SUBROUTINE, CALLED 2 TIMES, CODE SIZE REDUCTION:1 WORDS
                 SUBOPT_0x6:
0003f0 01de      	MOVW R26,R28
0003f1 961c      	ADIW R26,12
0003f2 940e 0415 	CALL __ADDW2R15
0003f4 940e 041d 	CALL __GETW1P
0003f6 9508      	RET
                 
                 ;OPTIMIZER ADDED SUBROUTINE, CALLED 2 TIMES, CODE SIZE REDUCTION:4 WORDS
                 SUBOPT_0x7:
0003f7 93ea      	ST   -Y,R30
0003f8 940e 032e 	CALL __lcd_write_data
0003fa e0e3      	LDI  R30,LOW(3)
0003fb e0f0      	LDI  R31,HIGH(3)
0003fc 93fa      	ST   -Y,R31
0003fd 93ea      	ST   -Y,R30
0003fe 940c 0409 	JMP  _delay_ms
                 
                 ;OPTIMIZER ADDED SUBROUTINE, CALLED 3 TIMES, CODE SIZE REDUCTION:9 WORDS
                 SUBOPT_0x8:
000400 e3e0      	LDI  R30,LOW(48)
000401 93ea      	ST   -Y,R30
000402 940e 030a 	CALL __lcd_write_nibble_G101
                +
000404 ec88     +LDI R24 , LOW ( 200 )
000405 e090     +LDI R25 , HIGH ( 200 )
                +__DELAY_USW_LOOP :
000406 9701     +SBIW R24 , 1
000407 f7f1     +BRNE __DELAY_USW_LOOP
                 	__DELAY_USW 200
000408 9508      	RET
                 
                 
                 	.CSEG
                 _delay_ms:
000409 91e9      	ld   r30,y+
00040a 91f9      	ld   r31,y+
00040b 9630      	adiw r30,0
00040c f039      	breq __delay_ms1
                 __delay_ms0:
                +
00040d ed80     +LDI R24 , LOW ( 0x7D0 )
00040e e097     +LDI R25 , HIGH ( 0x7D0 )
                +__DELAY_USW_LOOP :
00040f 9701     +SBIW R24 , 1
000410 f7f1     +BRNE __DELAY_USW_LOOP
                 	__DELAY_USW 0x7D0
000411 95a8      	wdr
000412 9731      	sbiw r30,1
000413 f7c9      	brne __delay_ms0
                 __delay_ms1:
000414 9508      	ret
                 
                 __ADDW2R15:
000415 2400      	CLR  R0
000416 0daf      	ADD  R26,R15
000417 1db0      	ADC  R27,R0
000418 9508      	RET
                 
                 __ANEGW1:
000419 95f1      	NEG  R31
00041a 95e1      	NEG  R30
00041b 40f0      	SBCI R31,0
00041c 9508      	RET
                 
                 __GETW1P:
00041d 91ed      	LD   R30,X+
00041e 91fc      	LD   R31,X
00041f 9711      	SBIW R26,1
000420 9508      	RET
                 
                 __GETW1PF:
000421 9005      	LPM  R0,Z+
000422 91f4      	LPM  R31,Z
000423 2de0      	MOV  R30,R0
000424 9508      	RET
                 
                 __PUTPARD1:
000425 937a      	ST   -Y,R23
000426 936a      	ST   -Y,R22
000427 93fa      	ST   -Y,R31
000428 93ea      	ST   -Y,R30
000429 9508      	RET
                 
                 __SAVELOCR6:
00042a 935a      	ST   -Y,R21
                 __SAVELOCR5:
00042b 934a      	ST   -Y,R20
                 __SAVELOCR4:
00042c 933a      	ST   -Y,R19
                 __SAVELOCR3:
00042d 932a      	ST   -Y,R18
                 __SAVELOCR2:
00042e 931a      	ST   -Y,R17
00042f 930a      	ST   -Y,R16
000430 9508      	RET
                 
                 __LOADLOCR6:
000431 815d      	LDD  R21,Y+5
                 __LOADLOCR5:
000432 814c      	LDD  R20,Y+4
                 __LOADLOCR4:
000433 813b      	LDD  R19,Y+3
                 __LOADLOCR3:
000434 812a      	LDD  R18,Y+2
                 __LOADLOCR2:
000435 8119      	LDD  R17,Y+1
000436 8108      	LD   R16,Y
000437 9508      	RET
                 
                 ;END OF CODE MARKER
                 __END_OF_CODE:


RESOURCE USE INFORMATION
------------------------

Notice:
The register and instruction counts are symbol table hit counts,
and hence implicitly used resources are not counted, eg, the
'lpm' instruction without operands implicitly uses r0 and z,
none of which are counted.

x,y,z are separate entities in the symbol table and are
counted separately from r26..r31 here.

.dseg memory usage only counts static data declared with .byte

ATmega16 register use summary:
r0 :  15 r1 :   3 r2 :   0 r3 :   0 r4 :   0 r5 :   2 r6 :   4 r7 :   2 
r8 :   2 r9 :   4 r10:   0 r11:   0 r12:   0 r13:   0 r14:   0 r15:   6 
r16:  37 r17:  27 r18:  29 r19:   8 r20:   9 r21:  17 r22:   8 r23:   4 
r24:  25 r25:   7 r26:  61 r27:  28 r28:  14 r29:   1 r30: 269 r31:  83 
x  :  23 y  : 206 z  :  15 
Registers used: 27 out of 35 (77.1%)

ATmega16 instruction use summary:
.lds  :   0 .lds.l:   0 .sts  :   0 .sts.l:   0 adc   :   1 add   :   3 
adiw  :  24 and   :   0 andi  :  13 asr   :   0 bclr  :   0 bld   :   0 
brbc  :   0 brbs  :   0 brcc  :   0 brcs  :   0 break :   0 breq  :  26 
brge  :   0 brhc  :   0 brhs  :   0 brid  :   0 brie  :   0 brlo  :   8 
brlt  :   0 brmi  :   1 brne  :  31 brpl  :   1 brsh  :   2 brtc  :   0 
brts  :   0 brvc  :   0 brvs  :   0 bset  :   0 bst   :   0 call  :  63 
cbi   :   9 cbr   :   0 clc   :   0 clh   :   0 cli   :   1 cln   :   0 
clr   :  10 cls   :   0 clt   :   0 clv   :   0 clz   :   0 com   :   0 
cp    :   4 cpc   :   2 cpi   :  33 cpse  :   0 dec   :   5 des   :   0 
eor   :   0 fmul  :   0 fmuls :   0 fmulsu:   0 icall :   2 ijmp  :   0 
in    :   7 inc   :   2 jmp   :  28 ld    :  42 ldd   :  75 ldi   : 119 
lds   :   0 lpm   :  14 lsl   :   0 lsr   :   0 mov   :  17 movw  :  14 
mul   :   1 muls  :   0 mulsu :   0 neg   :   2 nop   :   0 or    :   1 
ori   :   6 out   :  52 pop   :   1 push  :   1 rcall :  14 ret   :  24 
reti  :   1 rjmp  :  64 rol   :   0 ror   :   0 sbc   :   1 sbci  :   2 
sbi   :  13 sbic  :   0 sbis  :   1 sbiw  :  19 sbr   :   0 sbrc  :   2 
sbrs  :  10 sec   :   0 seh   :   0 sei   :   1 sen   :   0 ser   :   0 
ses   :   0 set   :   0 sev   :   0 sez   :   0 sleep :   0 spm   :   0 
st    :  84 std   :  31 sts   :   2 sub   :   1 subi  :  16 swap  :   1 
tst   :   4 wdr   :   1 
Instructions used: 55 out of 116 (47.4%)

ATmega16 memory use summary [bytes]:
Segment   Begin    End      Code   Data   Used    Size   Use%
---------------------------------------------------------------
[.cseg] 0x000000 0x000870   2008    152   2160   16384  13.2%
[.dseg] 0x000060 0x0001bc      0     92     92    1119   8.2%
[.eseg] 0x000000 0x000000      0      0      0     512   0.0%

Assembly complete, 0 errors, 7 warnings
